Archive member included to satisfy reference by file (symbol)

/usr/local/mips64-elf/lib//libstdc++.a(bad_cast.o)
                              main.o (_ZNSt8bad_castD2Ev)
/usr/local/mips64-elf/lib//libstdc++.a(class_type_info.o)
                              main.o (_ZTVN10__cxxabiv117__class_type_infoE)
/usr/local/mips64-elf/lib//libstdc++.a(del_ops.o)
                              main.o (_ZdlPvj)
/usr/local/mips64-elf/lib//libstdc++.a(eh_alloc.o)
                              main.o (__cxa_allocate_exception)
/usr/local/mips64-elf/lib//libstdc++.a(eh_aux_runtime.o)
                              main.o (__cxa_throw_bad_array_new_length)
/usr/local/mips64-elf/lib//libstdc++.a(eh_exception.o)
                              /usr/local/mips64-elf/lib//libstdc++.a(bad_cast.o) (_ZNSt9exceptionD2Ev)
/usr/local/mips64-elf/lib//libstdc++.a(eh_personality.o)
                              main.o (__gxx_personality_v0)
/usr/local/mips64-elf/lib//libstdc++.a(eh_terminate.o)
                              /usr/local/mips64-elf/lib//libstdc++.a(eh_personality.o) (_ZN10__cxxabiv111__terminateEPFvvE)
/usr/local/mips64-elf/lib//libstdc++.a(eh_throw.o)
                              main.o (__cxa_throw)
/usr/local/mips64-elf/lib//libstdc++.a(eh_unex_handler.o)
                              /usr/local/mips64-elf/lib//libstdc++.a(eh_terminate.o) (_ZN10__cxxabiv120__unexpected_handlerE)
/usr/local/mips64-elf/lib//libstdc++.a(fundamental_type_info.o)
                              main.o (_ZTIi)
/usr/local/mips64-elf/lib//libstdc++.a(new_op.o)
                              main.o (_Znwj)
/usr/local/mips64-elf/lib//libstdc++.a(new_opv.o)
                              main.o (_Znaj)
/usr/local/mips64-elf/lib//libstdc++.a(pointer_type_info.o)
                              /usr/local/mips64-elf/lib//libstdc++.a(fundamental_type_info.o) (_ZTVN10__cxxabiv119__pointer_type_infoE)
/usr/local/mips64-elf/lib//libstdc++.a(si_class_type_info.o)
                              main.o (_ZTVN10__cxxabiv120__si_class_type_infoE)
/usr/local/mips64-elf/lib//libstdc++.a(tinfo.o)
                              /usr/local/mips64-elf/lib//libstdc++.a(class_type_info.o) (_ZNSt9type_infoD2Ev)
/usr/local/mips64-elf/lib//libstdc++.a(vterminate.o)
                              /usr/local/mips64-elf/lib//libstdc++.a(eh_terminate.o) (_ZN9__gnu_cxx27__verbose_terminate_handlerEv)
/usr/local/mips64-elf/lib//libstdc++.a(functexcept.o)
                              main.o (_ZSt17__throw_bad_allocv)
/usr/local/mips64-elf/lib//libstdc++.a(snprintf_lite.o)
                              /usr/local/mips64-elf/lib//libstdc++.a(functexcept.o) (_ZN9__gnu_cxx15__snprintf_liteEPcjPKcPv)
/usr/local/mips64-elf/lib//libstdc++.a(bad_alloc.o)
                              /usr/local/mips64-elf/lib//libstdc++.a(new_op.o) (_ZTVSt9bad_alloc)
/usr/local/mips64-elf/lib//libstdc++.a(bad_array_new.o)
                              /usr/local/mips64-elf/lib//libstdc++.a(eh_aux_runtime.o) (_ZTVSt20bad_array_new_length)
/usr/local/mips64-elf/lib//libstdc++.a(bad_typeid.o)
                              /usr/local/mips64-elf/lib//libstdc++.a(eh_aux_runtime.o) (_ZTVSt10bad_typeid)
/usr/local/mips64-elf/lib//libstdc++.a(cp-demangle.o)
                              /usr/local/mips64-elf/lib//libstdc++.a(vterminate.o) (__cxa_demangle)
/usr/local/mips64-elf/lib//libstdc++.a(del_op.o)
                              /usr/local/mips64-elf/lib//libstdc++.a(del_ops.o) (_ZdlPv)
/usr/local/mips64-elf/lib//libstdc++.a(eh_call.o)
                              /usr/local/mips64-elf/lib//libstdc++.a(eh_personality.o) (__cxa_call_terminate)
/usr/local/mips64-elf/lib//libstdc++.a(eh_catch.o)
                              /usr/local/mips64-elf/lib//libstdc++.a(eh_personality.o) (__cxa_begin_catch)
/usr/local/mips64-elf/lib//libstdc++.a(eh_globals.o)
                              /usr/local/mips64-elf/lib//libstdc++.a(eh_personality.o) (__cxa_get_globals_fast)
/usr/local/mips64-elf/lib//libstdc++.a(eh_term_handler.o)
                              /usr/local/mips64-elf/lib//libstdc++.a(eh_terminate.o) (_ZN10__cxxabiv119__terminate_handlerE)
/usr/local/mips64-elf/lib//libstdc++.a(eh_type.o)
                              /usr/local/mips64-elf/lib//libstdc++.a(vterminate.o) (__cxa_current_exception_type)
/usr/local/mips64-elf/lib//libstdc++.a(new_handler.o)
                              /usr/local/mips64-elf/lib//libstdc++.a(new_op.o) (_ZSt15get_new_handlerv)
/usr/local/mips64-elf/lib//libstdc++.a(pbase_type_info.o)
                              /usr/local/mips64-elf/lib//libstdc++.a(pointer_type_info.o) (_ZN10__cxxabiv117__pbase_type_infoD2Ev)
/usr/local/mips64-elf/lib//libstdc++.a(pmem_type_info.o)
                              /usr/local/mips64-elf/lib//libstdc++.a(pbase_type_info.o) (_ZTIN10__cxxabiv129__pointer_to_member_type_infoE)
/usr/local/mips64-elf/lib//libstdc++.a(stdexcept.o)
                              /usr/local/mips64-elf/lib//libstdc++.a(functexcept.o) (_ZNSt13runtime_errorD1Ev)
[...]
Memory Configuration

Name             Origin             Length             Attributes
mem              0x0000000080000000 0x0000000000400000
*default*        0x0000000000000000 0xffffffffffffffff

Linker script and memory map

LOAD /usr/local/lib/gcc/mips64-elf/11.2.0/crti.o
LOAD /usr/local/lib/gcc/mips64-elf/11.2.0/crtbegin.o
LOAD /usr/local/lib/gcc/mips64-elf/11.2.0/libgcc.a
LOAD entry.o
LOAD main.o
LOAD /usr/local/mips64-elf/lib//libstdc++.a
LOAD /usr/local/mips64-elf/lib//libm.a
LOAD /usr/local/mips64-elf/lib//libc.a
LOAD /usr/local/lib/gcc/mips64-elf/11.2.0/libgcc.a
LOAD /usr/local/lib/gcc/mips64-elf/11.2.0/libgcc.a
LOAD /usr/local/lib/gcc/mips64-elf/11.2.0/crtend.o
LOAD /usr/local/lib/gcc/mips64-elf/11.2.0/crtn.o
                0x0000000080000000                __kseg0_start = 0x80000000
                0x0000000080000400                __libdragon_text_start = (__kseg0_start + 0x400)

.text           0x0000000080000400    0x1e580
 *(.boot)
 .boot          0x0000000080000400       0x2c entry.o
                0x0000000080000400                _start
                0x0000000080000430                . = ALIGN (0x10)
 *fill*         0x000000008000042c        0x4 
                0x0000000080000430                __text_start = .
 *(.text)
 .text          0x0000000080000430        0x8 entry.o
                0x0000000080000430                main
 .text          0x0000000080000438     0x17d0 main.o
                0x0000000080000438                _ZN6LibN6410Controller8_SI_BusyEv
                0x0000000080000440                _ZN6LibN6410Controller18SI_WriteControllerEv
                0x0000000080000460                _ZN6LibN6410Controller17SI_ReadControllerEv
                0x0000000080000480                _ZN6LibN643DMA4WaitEv
                0x0000000080000488                _ZN6LibN647Display10InitializeENS0_10ResolutionENS0_8BitdepthENS0_12AntiAliasingENS0_5GammaEb
                0x0000000080000638                _ZN6LibN647Display15SetActiveBufferEi
                0x0000000080000650                _ZN6LibN647Display13DrawCharacterEmmh
                0x0000000080000738                _ZN6LibN647Display8DrawTextEmmNSt7__cxx1112basic_stringIcSt11char_traitsIcESaIcEEE
                0x0000000080000808                _ZN6LibN647Display9SetColorsEmm
                0x0000000080000818                _ZN6LibN647Display3RDP10AddCommandEm
                0x0000000080000850                _ZN6LibN647Display3RDP4SendEv
                0x0000000080000880                _ZN6LibN647Display3RDP13SetOtherModesEv
                0x0000000080000948                _ZN6LibN647Display3RDP11SetClippingEmmmm
                0x0000000080000a20                _ZN6LibN647Display3RDP18SetDefaultClippingEv
                0x0000000080000af0                _ZN6LibN647Display3RDP15EnablePrimitiveEv
                0x0000000080000bb8                _ZN6LibN647Display3RDP4InitEv
                0x0000000080000bc8                _ZN6LibN647Display3RDP5CloseEv
                0x0000000080000bd8                _ZN6LibN647Display3RDP11EnableBlendEv
                0x0000000080000ca0                _ZN6LibN647Display3RDP13DrawRectangleEmmmm
                0x0000000080000d78                _ZN6LibN647Display3RDP6AttachEv
                0x0000000080000e48                _ZN6LibN647Display3RDP4SyncEv
                0x0000000080000f00                _exit
                0x0000000080000f10                close
                0x0000000080000f18                fstat
                0x0000000080000f20                getpid
                0x0000000080000f28                isatty
                0x0000000080000f30                kill
                0x0000000080000f58                link
                0x0000000080000f60                lseek
                0x0000000080000f68                open
                0x0000000080000f70                read
                0x0000000080000f78                printf
                0x0000000080001180                __assert_func_cpp
                0x00000000800011f8                _Z6__atoiPc
                0x0000000080001238                sbrk
                0x00000000800012a8                _ZN6LibN645Timer24MillisecondsSinceStartupEv
                0x00000000800012e0                _ZN6LibN645Timer19SecondsSinceStartupEv
                0x0000000080001330                begin
                0x0000000080001450                __assert_func
                0x00000000800015c0                _ZN6LibN647Display10SetVI_DRAMESt3any
                0x0000000080001620                write
 .text          0x0000000080001c08     0xa350 /usr/local/mips64-elf/lib//libstdc++.a(cp-demangle.o)
                0x000000008000bd90                __cxa_demangle
                0x000000008000bf10                __gcclibcxx_demangle_callback
 .text          0x000000008000bf58       0x18 /usr/local/mips64-elf/lib//libc.a(lib_a-abort.o)
                0x000000008000bf58                abort
 .text          0x000000008000bf70       0x38 /usr/local/mips64-elf/lib//libc.a(lib_a-exit.o)
                0x000000008000bf70                exit
 .text          0x000000008000bfa8       0xd0 /usr/local/mips64-elf/lib//libc.a(lib_a-fputc.o)
                0x000000008000bfa8                _fputc_r
                0x000000008000c008                fputc
 .text          0x000000008000c078       0xc0 /usr/local/mips64-elf/lib//libc.a(lib_a-fputs.o)
                0x000000008000c078                _fputs_r
                0x000000008000c120                fputs
 .text          0x000000008000c138      0x570 /usr/local/mips64-elf/lib//libc.a(lib_a-fvwrite.o)
                0x000000008000c138                __sfvwrite_r
 .text          0x000000008000c6a8      0x1f8 /usr/local/mips64-elf/lib//libc.a(lib_a-fwrite.o)
                0x000000008000c6a8                _fwrite_r
                0x000000008000c7b0                fwrite
 .text          0x000000008000c8a0       0x20 /usr/local/mips64-elf/lib//libc.a(lib_a-malloc.o)
                0x000000008000c8a0                malloc
                0x000000008000c8b0                free
 .text          0x000000008000c8c0      0x898 /usr/local/mips64-elf/lib//libc.a(lib_a-mallocr.o)
                0x000000008000c8c0                _malloc_r
 .text          0x000000008000d158       0xf0 /usr/local/mips64-elf/lib//libc.a(lib_a-memchr.o)
                0x000000008000d158                memchr
 .text          0x000000008000d248       0x80 /usr/local/mips64-elf/lib//libc.a(lib_a-memcmp.o)
                0x000000008000d248                memcmp
 .text          0x000000008000d2c8      0x370 /usr/local/mips64-elf/lib//libc.a(lib_a-memcpy.o)
                0x000000008000d2c8                memcpy
 .text          0x000000008000d638      0x150 /usr/local/mips64-elf/lib//libc.a(lib_a-memmove.o)
                0x000000008000d638                memmove
 .text          0x000000008000d788      0x11c /usr/local/mips64-elf/lib//libc.a(lib_a-memset.o)
                0x000000008000d788                memset
 *fill*         0x000000008000d8a4        0x4 
 .text          0x000000008000d8a8       0x10 /usr/local/mips64-elf/lib//libc.a(lib_a-mlock.o)
                0x000000008000d8a8                __malloc_lock
                0x000000008000d8b0                __malloc_unlock
 .text          0x000000008000d8b8      0x160 /usr/local/mips64-elf/lib//libc.a(lib_a-putc.o)
                0x000000008000d8b8                _putc_r
                0x000000008000d960                putc
 .text          0x000000008000da18       0x18 /usr/local/mips64-elf/lib//libc.a(lib_a-realloc.o)
                0x000000008000da18                realloc
 .text          0x000000008000da30      0x5f8 /usr/local/mips64-elf/lib//libc.a(lib_a-reallocr.o)
                0x000000008000da30                _realloc_r
 .text          0x000000008000e028       0x50 /usr/local/mips64-elf/lib//libc.a(lib_a-sbrkr.o)
                0x000000008000e028                _sbrk_r
 .text          0x000000008000e078      0x5d8 /usr/local/mips64-elf/lib//libc.a(lib_a-signal.o)
                0x000000008000e078                _init_signal_r
                0x000000008000e0e0                _signal_r
                0x000000008000e198                _raise_r
                0x000000008000e268                __sigtramp_r
                0x000000008000e358                raise
                0x000000008000e438                signal
                0x000000008000e4f8                _init_signal
                0x000000008000e568                __sigtramp
 .text          0x000000008000e650       0x60 /usr/local/mips64-elf/lib//libc.a(lib_a-signalr.o)
                0x000000008000e650                _kill_r
                0x000000008000e6a8                _getpid_r
 .text          0x000000008000e6b0      0x1c8 /usr/local/mips64-elf/lib//libc.a(lib_a-snprintf.o)
                0x000000008000e6b0                _snprintf_r
                0x000000008000e790                snprintf
 .text          0x000000008000e878       0xd8 /usr/local/mips64-elf/lib//libc.a(lib_a-sprintf.o)
                0x000000008000e878                _sprintf_r
                0x000000008000e8e0                sprintf
 .text          0x000000008000e950      0x240 /usr/local/mips64-elf/lib//libc.a(lib_a-strcmp.o)
                0x000000008000e950                strcmp
 .text          0x000000008000eb90       0x18 /usr/local/mips64-elf/lib//libc.a(lib_a-strlen.o)
                0x000000008000eb90                strlen
 .text          0x000000008000eba8       0xf8 /usr/local/mips64-elf/lib//libc.a(lib_a-strncmp.o)
                0x000000008000eba8                strncmp
 .text          0x000000008000eca0     0x1f30 /usr/local/mips64-elf/lib//libc.a(lib_a-svfprintf.o)
                0x000000008000eca0                _svfprintf_r
 .text          0x0000000080010bd0      0x1a8 /usr/local/mips64-elf/lib//libc.a(lib_a-vsnprintf.o)
                0x0000000080010bd0                vsnprintf
                0x0000000080010ca0                _vsnprintf_r
 .text          0x0000000080010d78      0x1b8 /usr/local/mips64-elf/lib//libc.a(lib_a-wbuf.o)
                0x0000000080010d78                __swbuf_r
                0x0000000080010f18                __swbuf
 .text          0x0000000080010f30      0x178 /usr/local/mips64-elf/lib//libc.a(lib_a-wsetup.o)
                0x0000000080010f30                __swsetup_r
 .text          0x00000000800110a8      0x150 /usr/local/mips64-elf/lib//libc.a(lib_a-__call_atexit.o)
                0x00000000800110a8                __call_exitprocs
 .text          0x00000000800111f8     0x1678 /usr/local/mips64-elf/lib//libc.a(lib_a-dtoa.o)
                0x0000000080011448                _dtoa_r
 .text          0x0000000080012870      0x358 /usr/local/mips64-elf/lib//libc.a(lib_a-fflush.o)
                0x0000000080012870                __sflush_r
                0x0000000080012ad8                _fflush_r
                0x0000000080012b40                fflush
 .text          0x0000000080012bc8      0x3c8 /usr/local/mips64-elf/lib//libc.a(lib_a-findfp.o)
                0x0000000080012bd0                _cleanup_r
                0x0000000080012d68                __sfmoreglue
                0x0000000080012de0                __sfp
                0x0000000080012f20                _cleanup
                0x0000000080012f30                __sinit
                0x0000000080012f50                __sfp_lock_acquire
                0x0000000080012f58                __sfp_lock_release
                0x0000000080012f60                __sinit_lock_acquire
                0x0000000080012f68                __sinit_lock_release
                0x0000000080012f70                __fp_lock_all
                0x0000000080012f80                __fp_unlock_all
 .text          0x0000000080012f90      0x480 /usr/local/mips64-elf/lib//libc.a(lib_a-freer.o)
                0x0000000080012f90                _malloc_trim_r
                0x00000000800130c0                _free_r
 .text          0x0000000080013410      0x170 /usr/local/mips64-elf/lib//libc.a(lib_a-fwalk.o)
                0x0000000080013410                _fwalk
                0x00000000800134c0                _fwalk_reent
 .text          0x0000000080013580       0x28 /usr/local/mips64-elf/lib//libc.a(lib_a-localeconv.o)
                0x0000000080013580                __localeconv_l
                0x0000000080013588                _localeconv_r
                0x0000000080013598                localeconv
 .text          0x00000000800135a8      0x288 /usr/local/mips64-elf/lib//libc.a(lib_a-makebuf.o)
                0x00000000800135a8                __smakebuf_r
                0x0000000080013760                __swhatbuf_r
 .text          0x0000000080013830       0x70 /usr/local/mips64-elf/lib//libc.a(lib_a-mbtowc_r.o)
                0x0000000080013830                _mbtowc_r
                0x0000000080013840                __ascii_mbtowc
 .text          0x00000000800138a0     0x1410 /usr/local/mips64-elf/lib//libc.a(lib_a-mprec.o)
                0x00000000800138a0                _Balloc
                0x0000000080013950                _Bfree
                0x0000000080013980                __multadd
                0x0000000080013ae0                __s2b
                0x0000000080013c60                __hi0bits
                0x0000000080013ce0                __lo0bits
                0x0000000080013da8                __i2b
                0x0000000080013e80                __multiply
                0x0000000080014110                __pow5mult
                0x0000000080014280                __lshift
                0x0000000080014438                __mcmp
                0x00000000800144a0                __mdiff
                0x0000000080014708                __ulp
                0x00000000800147b8                __b2d
                0x0000000080014940                __d2b
                0x0000000080014aa8                __ratio
                0x0000000080014b68                _mprec_log10
                0x0000000080014ba8                __copybits
                0x0000000080014c30                __any_on
 .text          0x0000000080014cb0      0x188 /usr/local/mips64-elf/lib//libc.a(lib_a-stdio.o)
                0x0000000080014cb0                __sread
                0x0000000080014d08                __seofread
                0x0000000080014d10                __swrite
                0x0000000080014dd0                __sseek
                0x0000000080014e30                __sclose
 .text          0x0000000080014e38     0x1100 /usr/local/mips64-elf/lib//libc.a(lib_a-svfiprintf.o)
                0x0000000080014e38                __ssprint_r
                0x0000000080015078                _svfiprintf_r
 .text          0x0000000080015f38       0x48 /usr/local/mips64-elf/lib//libc.a(lib_a-wctomb_r.o)
                0x0000000080015f38                _wctomb_r
                0x0000000080015f48                __ascii_wctomb
 .text          0x0000000080015f80       0x60 /usr/local/mips64-elf/lib//libc.a(lib_a-writer.o)
                0x0000000080015f80                _write_r
 .text          0x0000000080015fe0      0x118 /usr/local/mips64-elf/lib//libc.a(lib_a-callocr.o)
                0x0000000080015fe0                _calloc_r
 .text          0x00000000800160f8       0x50 /usr/local/mips64-elf/lib//libc.a(lib_a-closer.o)
                0x00000000800160f8                _close_r
 .text          0x0000000080016148        0x8 /usr/local/mips64-elf/lib//libc.a(lib_a-errno.o)
                0x0000000080016148                __errno
 .text          0x0000000080016150      0x150 /usr/local/mips64-elf/lib//libc.a(lib_a-fclose.o)
                0x0000000080016150                _fclose_r
                0x0000000080016290                fclose
 .text          0x00000000800162a0       0x58 /usr/local/mips64-elf/lib//libc.a(lib_a-fstatr.o)
                0x00000000800162a0                _fstat_r
 .text          0x00000000800162f8       0x50 /usr/local/mips64-elf/lib//libc.a(lib_a-isattyr.o)
                0x00000000800162f8                _isatty_r
 .text          0x0000000080016348       0x60 /usr/local/mips64-elf/lib//libc.a(lib_a-lseekr.o)
                0x0000000080016348                _lseek_r
 .text          0x00000000800163a8       0x60 /usr/local/mips64-elf/lib//libc.a(lib_a-readr.o)
                0x00000000800163a8                _read_r
 .text          0x0000000080016408     0x3a00 /usr/local/lib/gcc/mips64-elf/11.2.0/libgcc.a(unwind-dw2.o)
                0x00000000800191b8                _Unwind_GetGR
                0x0000000080019238                _Unwind_GetCFA
                0x0000000080019240                _Unwind_SetGR
                0x00000000800192c8                _Unwind_GetIP
                0x00000000800192d0                _Unwind_GetIPInfo
                0x00000000800192e8                _Unwind_SetIP
                0x00000000800192f0                _Unwind_GetLanguageSpecificData
                0x00000000800192f8                _Unwind_GetRegionStart
                0x0000000080019300                _Unwind_FindEnclosingFunction
                0x0000000080019328                _Unwind_GetDataRelBase
                0x0000000080019330                _Unwind_GetTextRelBase
                0x0000000080019338                __frame_state_for
                0x0000000080019460                _Unwind_RaiseException
                0x0000000080019758                _Unwind_ForcedUnwind
                0x00000000800198f0                _Unwind_Resume
                0x0000000080019a80                _Unwind_Resume_or_Rethrow
                0x0000000080019c10                _Unwind_DeleteException
                0x0000000080019c30                _Unwind_Backtrace
 .text          0x0000000080019e08     0x1d80 /usr/local/lib/gcc/mips64-elf/11.2.0/libgcc.a(unwind-dw2-fde.o)
                0x000000008001b698                __register_frame_info_bases
                0x000000008001b6e0                __register_frame_info
                0x000000008001b728                __register_frame
                0x000000008001b798                __register_frame_info_table_bases
                0x000000008001b7c8                __register_frame_info_table
                0x000000008001b7f8                __register_frame_table
                0x000000008001b850                __deregister_frame_info_bases
                0x000000008001b938                __deregister_frame_info
                0x000000008001b940                __deregister_frame
                0x000000008001b978                _Unwind_Find_FDE
 *(.text.*)
 .text._ZNKSt12bad_any_cast4whatEv
                0x000000008001bb88       0x10 main.o
                0x000000008001bb88                _ZNKSt12bad_any_cast4whatEv
 .text._ZN6LibN645Frame13KeyDUpPressedEv
                0x000000008001bb98        0x8 main.o
                0x000000008001bb98                _ZN6LibN645Frame13KeyDUpPressedEv
 .text._ZN6LibN645Frame15KeyDDownPressedEv
                0x000000008001bba0        0x8 main.o
                0x000000008001bba0                _ZN6LibN645Frame15KeyDDownPressedEv
 .text._ZN6LibN645Frame15KeyDLeftPressedEv
                0x000000008001bba8        0x8 main.o
                0x000000008001bba8                _ZN6LibN645Frame15KeyDLeftPressedEv
 .text._ZN6LibN645Frame16KeyDRightPressedEv
                0x000000008001bbb0        0x8 main.o
                0x000000008001bbb0                _ZN6LibN645Frame16KeyDRightPressedEv
 .text._ZN6LibN645Frame15KeyStartPressedEv
                0x000000008001bbb8        0x8 main.o
                0x000000008001bbb8                _ZN6LibN645Frame15KeyStartPressedEv
 .text._ZN6LibN648libntest14KeyJoyXPressedEi
                0x000000008001bbc0       0x40 main.o
                0x000000008001bbc0                _ZN6LibN648libntest14KeyJoyXPressedEi
 .text._ZN6LibN648libntest14KeyJoyYPressedEi
                0x000000008001bc00       0x40 main.o
                0x000000008001bc00                _ZN6LibN648libntest14KeyJoyYPressedEi
 .text._ZNSt17_Function_handlerIFvvEZN6LibN645Timer8LibTimer6UpdateESt8functionIS0_EEd_UlvE_E9_M_invokeERKSt9_Any_data
                0x000000008001bc40        0x8 main.o
                0x000000008001bc40                _ZNSt17_Function_handlerIFvvEZN6LibN645Timer8LibTimer6UpdateESt8functionIS0_EEd_UlvE_E9_M_invokeERKSt9_Any_data
 .text._ZNSt12bad_any_castD2Ev
                0x000000008001bc48       0x10 main.o
                0x000000008001bc48                _ZNSt12bad_any_castD1Ev
                0x000000008001bc48                _ZNSt12bad_any_castD2Ev
 .text._ZNSt12bad_any_castD0Ev
                0x000000008001bc58       0x38 main.o
                0x000000008001bc58                _ZNSt12bad_any_castD0Ev
 .text._ZN6LibN648libntest8OnCreateEv
                0x000000008001bc90       0x58 main.o
                0x000000008001bc90                _ZN6LibN648libntest8OnCreateEv
 .text._ZNSt3any17_Manager_internalIiE9_S_manageENS_3_OpEPKS_PNS_4_ArgE
                0x000000008001bce8       0x80 main.o
                0x000000008001bce8                _ZNSt3any17_Manager_internalIiE9_S_manageENS_3_OpEPKS_PNS_4_ArgE
 .text._ZNSt17_Function_handlerIFvvEZN6LibN645Timer8LibTimer6UpdateESt8functionIS0_EEd_UlvE_E10_M_managerERSt9_Any_dataRKS8_St18_Manager_operation
                0x000000008001bd68       0x30 main.o
                0x000000008001bd68                _ZNSt17_Function_handlerIFvvEZN6LibN645Timer8LibTimer6UpdateESt8functionIS0_EEd_UlvE_E10_M_managerERSt9_Any_dataRKS8_St18_Manager_operation
 .text._ZN6LibN645Frame5BeginEv
                0x000000008001bd98      0x390 main.o
                0x000000008001bd98                _ZN6LibN645Frame5BeginEv
 .text._ZN6LibN648libntest11KeyZPressedEv
                0x000000008001c128       0x10 main.o
                0x000000008001c128                _ZN6LibN648libntest11KeyZPressedEv
 .text._ZN6LibN648libntest11KeyBPressedEv
                0x000000008001c138       0x10 main.o
                0x000000008001c138                _ZN6LibN648libntest11KeyBPressedEv
 .text._ZN6LibN648libntest11KeyAPressedEv
                0x000000008001c148       0x10 main.o
                0x000000008001c148                _ZN6LibN648libntest11KeyAPressedEv
 .text._ZN6LibN648libntest11FrameUpdateEv
                0x000000008001c158      0x2f0 main.o
                0x000000008001c158                _ZN6LibN648libntest11FrameUpdateEv
 .text._ZNSt7__cxx1112basic_stringIcSt11char_traitsIcESaIcEEC2IS3_EEPKcRKS3_
                0x000000008001c448      0x110 main.o
                0x000000008001c448                _ZNSt7__cxx1112basic_stringIcSt11char_traitsIcESaIcEEC1IS3_EEPKcRKS3_
                0x000000008001c448                _ZNSt7__cxx1112basic_stringIcSt11char_traitsIcESaIcEEC2IS3_EEPKcRKS3_
 .text._ZNSt7__cxx1112basic_stringIcSt11char_traitsIcESaIcEE10_M_disposeEv
                0x000000008001c558       0x28 main.o
                0x000000008001c558                _ZNSt7__cxx1112basic_stringIcSt11char_traitsIcESaIcEE10_M_disposeEv
 .text._ZSt12__any_casterIiEPvPKSt3any
                0x000000008001c580       0xa8 main.o
                0x000000008001c580                _ZSt12__any_casterIiEPvPKSt3any
 .text._ZNSt7__cxx1112basic_stringIcSt11char_traitsIcESaIcEE9_M_mutateEjjPKcj
                0x000000008001c628      0x1c0 main.o
                0x000000008001c628                _ZNSt7__cxx1112basic_stringIcSt11char_traitsIcESaIcEE9_M_mutateEjjPKcj
 .text._ZNKSt8bad_cast4whatEv
                0x000000008001c7e8       0x10 /usr/local/mips64-elf/lib//libstdc++.a(bad_cast.o)
                0x000000008001c7e8                _ZNKSt8bad_cast4whatEv
 .text._ZNSt8bad_castD2Ev
                0x000000008001c7f8       0x10 /usr/local/mips64-elf/lib//libstdc++.a(bad_cast.o)
                0x000000008001c7f8                _ZNSt8bad_castD1Ev
                0x000000008001c7f8                _ZNSt8bad_castD2Ev
 .text._ZNSt8bad_castD0Ev
                0x000000008001c808       0x38 /usr/local/mips64-elf/lib//libstdc++.a(bad_cast.o)
                0x000000008001c808                _ZNSt8bad_castD0Ev
 .text._ZNK10__cxxabiv117__class_type_info11__do_upcastEPKS0_PPv
                0x000000008001c840       0x68 /usr/local/mips64-elf/lib//libstdc++.a(class_type_info.o)
                0x000000008001c840                _ZNK10__cxxabiv117__class_type_info11__do_upcastEPKS0_PPv
 .text._ZNK10__cxxabiv117__class_type_info20__do_find_public_srcEiPKvPKS0_S2_
                0x000000008001c8a8       0x20 /usr/local/mips64-elf/lib//libstdc++.a(class_type_info.o)
                0x000000008001c8a8                _ZNK10__cxxabiv117__class_type_info20__do_find_public_srcEiPKvPKS0_S2_
 .text._ZN10__cxxabiv117__class_type_infoD2Ev
                0x000000008001c8c8       0x10 /usr/local/mips64-elf/lib//libstdc++.a(class_type_info.o)
                0x000000008001c8c8                _ZN10__cxxabiv117__class_type_infoD1Ev
                0x000000008001c8c8                _ZN10__cxxabiv117__class_type_infoD2Ev
 .text._ZN10__cxxabiv117__class_type_infoD0Ev
                0x000000008001c8d8       0x38 /usr/local/mips64-elf/lib//libstdc++.a(class_type_info.o)
                0x000000008001c8d8                _ZN10__cxxabiv117__class_type_infoD0Ev
 .text._ZNK10__cxxabiv117__class_type_info11__do_upcastEPKS0_PKvRNS0_15__upcast_resultE
                0x000000008001c910       0x90 /usr/local/mips64-elf/lib//libstdc++.a(class_type_info.o)
                0x000000008001c910                _ZNK10__cxxabiv117__class_type_info11__do_upcastEPKS0_PKvRNS0_15__upcast_resultE
 .text._ZNK10__cxxabiv117__class_type_info10__do_catchEPKSt9type_infoPPvj
                0x000000008001c9a0       0xb0 /usr/local/mips64-elf/lib//libstdc++.a(class_type_info.o)
                0x000000008001c9a0                _ZNK10__cxxabiv117__class_type_info10__do_catchEPKSt9type_infoPPvj
 .text._ZNK10__cxxabiv117__class_type_info12__do_dyncastEiNS0_10__sub_kindEPKS0_PKvS3_S5_RNS0_16__dyncast_resultE
                0x000000008001ca50       0xf8 /usr/local/mips64-elf/lib//libstdc++.a(class_type_info.o)
                0x000000008001ca50                _ZNK10__cxxabiv117__class_type_info12__do_dyncastEiNS0_10__sub_kindEPKS0_PKvS3_S5_RNS0_16__dyncast_resultE
 .text._ZdlPvj  0x000000008001cb48        0x8 /usr/local/mips64-elf/lib//libstdc++.a(del_ops.o)
                0x000000008001cb48                _ZdlPvj
 .text._ZN12_GLOBAL__N_14pool4freeEPv.constprop.0
                0x000000008001cb50       0xf8 /usr/local/mips64-elf/lib//libstdc++.a(eh_alloc.o)
 .text._ZN12_GLOBAL__N_14pool8allocateEj.constprop.0
                0x000000008001cc48       0xa0 /usr/local/mips64-elf/lib//libstdc++.a(eh_alloc.o)
 .text.__cxa_allocate_exception
                0x000000008001cce8       0x60 /usr/local/mips64-elf/lib//libstdc++.a(eh_alloc.o)
                0x000000008001cce8                __cxa_allocate_exception
 .text.__cxa_free_exception
                0x000000008001cd48       0x40 /usr/local/mips64-elf/lib//libstdc++.a(eh_alloc.o)
                0x000000008001cd48                __cxa_free_exception
 .text.startup._GLOBAL__sub_I__ZN9__gnu_cxx9__freeresEv
                0x000000008001cd88       0x58 /usr/local/mips64-elf/lib//libstdc++.a(eh_alloc.o)
 .text.unlikely.__cxa_throw_bad_array_new_length
                0x000000008001cde0       0x34 /usr/local/mips64-elf/lib//libstdc++.a(eh_aux_runtime.o)
                0x000000008001cde0                __cxa_throw_bad_array_new_length
 *fill*         0x000000008001ce14        0x4 
 .text._ZNSt9exceptionD2Ev
                0x000000008001ce18        0x8 /usr/local/mips64-elf/lib//libstdc++.a(eh_exception.o)
                0x000000008001ce18                _ZNSt9exceptionD2Ev
                0x000000008001ce18                _ZNSt9exceptionD1Ev
 .text._ZL16get_adjusted_ptrPKSt9type_infoS1_PPv
                0x000000008001ce20       0x90 /usr/local/mips64-elf/lib//libstdc++.a(eh_personality.o)
 .text._ZL28read_encoded_value_with_basehjPKhPj
                0x000000008001ceb0      0x198 /usr/local/mips64-elf/lib//libstdc++.a(eh_personality.o)
 .text._ZL21base_of_encoded_valuehP15_Unwind_Context
                0x000000008001d048       0x90 /usr/local/mips64-elf/lib//libstdc++.a(eh_personality.o)
 .text._ZL17parse_lsda_headerP15_Unwind_ContextPKhP16lsda_header_info
                0x000000008001d0d8      0x118 /usr/local/mips64-elf/lib//libstdc++.a(eh_personality.o)
 .text._ZL20check_exception_specP16lsda_header_infoPKSt9type_infoPvl
                0x000000008001d1f0      0x148 /usr/local/mips64-elf/lib//libstdc++.a(eh_personality.o)
 .text.__gxx_personality_v0
                0x000000008001d338      0x660 /usr/local/mips64-elf/lib//libstdc++.a(eh_personality.o)
                0x000000008001d338                __gxx_personality_v0
 .text._ZN10__cxxabiv111__terminateEPFvvE
                0x000000008001d998       0x28 /usr/local/mips64-elf/lib//libstdc++.a(eh_terminate.o)
                0x000000008001d998                _ZN10__cxxabiv111__terminateEPFvvE
 .text._ZSt9terminatev
                0x000000008001d9c0       0x18 /usr/local/mips64-elf/lib//libstdc++.a(eh_terminate.o)
                0x000000008001d9c0                _ZSt9terminatev
 .text._ZN10__cxxabiv112__unexpectedEPFvvE
                0x000000008001d9d8       0x18 /usr/local/mips64-elf/lib//libstdc++.a(eh_terminate.o)
                0x000000008001d9d8                _ZN10__cxxabiv112__unexpectedEPFvvE
 .text._ZSt10unexpectedv
                0x000000008001d9f0       0x18 /usr/local/mips64-elf/lib//libstdc++.a(eh_terminate.o)
                0x000000008001d9f0                _ZSt10unexpectedv
 .text._ZSt13get_terminatev
                0x000000008001da08       0x10 /usr/local/mips64-elf/lib//libstdc++.a(eh_terminate.o)
                0x000000008001da08                _ZSt13get_terminatev
 .text._ZSt14get_unexpectedv
                0x000000008001da18       0x10 /usr/local/mips64-elf/lib//libstdc++.a(eh_terminate.o)
                0x000000008001da18                _ZSt14get_unexpectedv
 .text._ZL23__gxx_exception_cleanup19_Unwind_Reason_CodeP17_Unwind_Exception
                0x000000008001da28       0x68 /usr/local/mips64-elf/lib//libstdc++.a(eh_throw.o)
 .text.__cxa_init_primary_exception
                0x000000008001da90       0x68 /usr/local/mips64-elf/lib//libstdc++.a(eh_throw.o)
                0x000000008001da90                __cxa_init_primary_exception
 .text.__cxa_throw
                0x000000008001daf8       0x58 /usr/local/mips64-elf/lib//libstdc++.a(eh_throw.o)
                0x000000008001daf8                __cxa_throw
 .text.__cxa_rethrow
                0x000000008001db50       0x80 /usr/local/mips64-elf/lib//libstdc++.a(eh_throw.o)
                0x000000008001db50                __cxa_rethrow
 .text._ZN10__cxxabiv123__fundamental_type_infoD2Ev
                0x000000008001dbd0       0x10 /usr/local/mips64-elf/lib//libstdc++.a(fundamental_type_info.o)
                0x000000008001dbd0                _ZN10__cxxabiv123__fundamental_type_infoD1Ev
                0x000000008001dbd0                _ZN10__cxxabiv123__fundamental_type_infoD2Ev
 .text._ZN10__cxxabiv123__fundamental_type_infoD0Ev
                0x000000008001dbe0       0x38 /usr/local/mips64-elf/lib//libstdc++.a(fundamental_type_info.o)
                0x000000008001dbe0                _ZN10__cxxabiv123__fundamental_type_infoD0Ev
 .text._Znwj    0x000000008001dc18       0x80 /usr/local/mips64-elf/lib//libstdc++.a(new_op.o)
                0x000000008001dc18                _Znwj
 .text._Znaj    0x000000008001dc98        0x8 /usr/local/mips64-elf/lib//libstdc++.a(new_opv.o)
                0x000000008001dc98                _Znaj
 .text._ZN10__cxxabiv120__si_class_type_infoD2Ev
                0x000000008001dca0       0x10 /usr/local/mips64-elf/lib//libstdc++.a(si_class_type_info.o)
                0x000000008001dca0                _ZN10__cxxabiv120__si_class_type_infoD2Ev
                0x000000008001dca0                _ZN10__cxxabiv120__si_class_type_infoD1Ev
 .text._ZN10__cxxabiv120__si_class_type_infoD0Ev
                0x000000008001dcb0       0x38 /usr/local/mips64-elf/lib//libstdc++.a(si_class_type_info.o)
                0x000000008001dcb0                _ZN10__cxxabiv120__si_class_type_infoD0Ev
 .text._ZNK10__cxxabiv120__si_class_type_info12__do_dyncastEiNS_17__class_type_info10__sub_kindEPKS1_PKvS4_S6_RNS1_16__dyncast_resultE
                0x000000008001dce8      0x170 /usr/local/mips64-elf/lib//libstdc++.a(si_class_type_info.o)
                0x000000008001dce8                _ZNK10__cxxabiv120__si_class_type_info12__do_dyncastEiNS_17__class_type_info10__sub_kindEPKS1_PKvS4_S6_RNS1_16__dyncast_resultE
 .text._ZNK10__cxxabiv120__si_class_type_info20__do_find_public_srcEiPKvPKNS_17__class_type_infoES2_
                0x000000008001de58       0xa0 /usr/local/mips64-elf/lib//libstdc++.a(si_class_type_info.o)
                0x000000008001de58                _ZNK10__cxxabiv120__si_class_type_info20__do_find_public_srcEiPKvPKNS_17__class_type_infoES2_
 .text._ZNK10__cxxabiv120__si_class_type_info11__do_upcastEPKNS_17__class_type_infoEPKvRNS1_15__upcast_resultE
                0x000000008001def8       0x80 /usr/local/mips64-elf/lib//libstdc++.a(si_class_type_info.o)
                0x000000008001def8                _ZNK10__cxxabiv120__si_class_type_info11__do_upcastEPKNS_17__class_type_infoEPKvRNS1_15__upcast_resultE
 .text._ZNSt9type_infoD2Ev
                0x000000008001df78        0x8 /usr/local/mips64-elf/lib//libstdc++.a(tinfo.o)
                0x000000008001df78                _ZNSt9type_infoD1Ev
                0x000000008001df78                _ZNSt9type_infoD2Ev
 .text._ZNKSt9type_info14__is_pointer_pEv
                0x000000008001df80        0x8 /usr/local/mips64-elf/lib//libstdc++.a(tinfo.o)
                0x000000008001df80                _ZNKSt9type_info15__is_function_pEv
                0x000000008001df80                _ZNKSt9type_info14__is_pointer_pEv
 .text._ZNKSt9type_info11__do_upcastEPKN10__cxxabiv117__class_type_infoEPPv
                0x000000008001df88        0x8 /usr/local/mips64-elf/lib//libstdc++.a(tinfo.o)
                0x000000008001df88                _ZNKSt9type_info11__do_upcastEPKN10__cxxabiv117__class_type_infoEPPv
 .text._ZNKSt9type_info10__do_catchEPKS_PPvj
                0x000000008001df90       0x50 /usr/local/mips64-elf/lib//libstdc++.a(tinfo.o)
                0x000000008001df90                _ZNKSt9type_info10__do_catchEPKS_PPvj
 .text._ZN9__gnu_cxx27__verbose_terminate_handlerEv
                0x000000008001dfe0      0x1c8 /usr/local/mips64-elf/lib//libstdc++.a(vterminate.o)
                0x000000008001dfe0                _ZN9__gnu_cxx27__verbose_terminate_handlerEv
 .text.unlikely._ZSt17__throw_bad_allocv
                0x000000008001e1a8       0x34 /usr/local/mips64-elf/lib//libstdc++.a(functexcept.o)
                0x000000008001e1a8                _ZSt17__throw_bad_allocv
 .text.unlikely._ZSt19__throw_logic_errorPKc
                0x000000008001e1dc       0x5c /usr/local/mips64-elf/lib//libstdc++.a(functexcept.o)
                0x000000008001e1dc                _ZSt19__throw_logic_errorPKc
 .text.unlikely._ZSt20__throw_length_errorPKc
                0x000000008001e238       0x5c /usr/local/mips64-elf/lib//libstdc++.a(functexcept.o)
                0x000000008001e238                _ZSt20__throw_length_errorPKc
 *fill*         0x000000008001e294        0x4 
 .text._ZNKSt9bad_alloc4whatEv
                0x000000008001e298       0x10 /usr/local/mips64-elf/lib//libstdc++.a(bad_alloc.o)
                0x000000008001e298                _ZNKSt9bad_alloc4whatEv
 .text._ZNSt9bad_allocD2Ev
                0x000000008001e2a8       0x10 /usr/local/mips64-elf/lib//libstdc++.a(bad_alloc.o)
                0x000000008001e2a8                _ZNSt9bad_allocD2Ev
                0x000000008001e2a8                _ZNSt9bad_allocD1Ev
 .text._ZNSt9bad_allocD0Ev
                0x000000008001e2b8       0x38 /usr/local/mips64-elf/lib//libstdc++.a(bad_alloc.o)
                0x000000008001e2b8                _ZNSt9bad_allocD0Ev
 .text._ZNKSt20bad_array_new_length4whatEv
                0x000000008001e2f0       0x10 /usr/local/mips64-elf/lib//libstdc++.a(bad_array_new.o)
                0x000000008001e2f0                _ZNKSt20bad_array_new_length4whatEv
 .text._ZNSt20bad_array_new_lengthD2Ev
                0x000000008001e300       0x10 /usr/local/mips64-elf/lib//libstdc++.a(bad_array_new.o)
                0x000000008001e300                _ZNSt20bad_array_new_lengthD1Ev
                0x000000008001e300                _ZNSt20bad_array_new_lengthD2Ev
 .text._ZNSt20bad_array_new_lengthD0Ev
                0x000000008001e310       0x38 /usr/local/mips64-elf/lib//libstdc++.a(bad_array_new.o)
                0x000000008001e310                _ZNSt20bad_array_new_lengthD0Ev
 .text._ZdlPv   0x000000008001e348        0x8 /usr/local/mips64-elf/lib//libstdc++.a(del_op.o)
                0x000000008001e348                _ZdlPv
 .text.__cxa_call_terminate
                0x000000008001e350       0x58 /usr/local/mips64-elf/lib//libstdc++.a(eh_call.o)
                0x000000008001e350                __cxa_call_terminate
 .text.__cxa_begin_catch
                0x000000008001e3a8       0xb0 /usr/local/mips64-elf/lib//libstdc++.a(eh_catch.o)
                0x000000008001e3a8                __cxa_begin_catch
 .text.__cxa_end_catch
                0x000000008001e458       0xc0 /usr/local/mips64-elf/lib//libstdc++.a(eh_catch.o)
                0x000000008001e458                __cxa_end_catch
 .text.__cxa_get_globals_fast
                0x000000008001e518        0x8 /usr/local/mips64-elf/lib//libstdc++.a(eh_globals.o)
                0x000000008001e518                __cxa_get_globals_fast
 .text.__cxa_get_globals
                0x000000008001e520        0x8 /usr/local/mips64-elf/lib//libstdc++.a(eh_globals.o)
                0x000000008001e520                __cxa_get_globals
 .text.__cxa_current_exception_type
                0x000000008001e528       0x48 /usr/local/mips64-elf/lib//libstdc++.a(eh_type.o)
                0x000000008001e528                __cxa_current_exception_type
 .text._ZSt15get_new_handlerv
                0x000000008001e570       0x10 /usr/local/mips64-elf/lib//libstdc++.a(new_handler.o)
                0x000000008001e570                _ZSt15get_new_handlerv
 .text._ZNKSt11logic_error4whatEv
                0x000000008001e580        0x8 /usr/local/mips64-elf/lib//libstdc++.a(stdexcept.o)
                0x000000008001e580                _ZNKSt13runtime_error4whatEv
                0x000000008001e580                _ZNKSt11logic_error4whatEv
 .text._ZNSt11logic_errorD2Ev
                0x000000008001e588       0x68 /usr/local/mips64-elf/lib//libstdc++.a(stdexcept.o)
                0x000000008001e588                _ZNSt11logic_errorD2Ev
                0x000000008001e588                _ZNSt11logic_errorD1Ev
 .text._ZNSt12length_errorD2Ev
                0x000000008001e5f0       0x68 /usr/local/mips64-elf/lib//libstdc++.a(stdexcept.o)
                0x000000008001e5f0                _ZNSt12length_errorD2Ev
                0x000000008001e5f0                _ZNSt12length_errorD1Ev
 .text._ZNSt11logic_errorD0Ev
                0x000000008001e658       0x70 /usr/local/mips64-elf/lib//libstdc++.a(stdexcept.o)
                0x000000008001e658                _ZNSt11logic_errorD0Ev
 .text._ZNSt12length_errorD0Ev
                0x000000008001e6c8       0x70 /usr/local/mips64-elf/lib//libstdc++.a(stdexcept.o)
                0x000000008001e6c8                _ZNSt12length_errorD0Ev
 .text._ZNSt11logic_errorC2EPKc
                0x000000008001e738      0x108 /usr/local/mips64-elf/lib//libstdc++.a(cow-stdexcept.o)
                0x000000008001e738                _ZNSt11logic_errorC2EPKc
                0x000000008001e738                _ZNSt11logic_errorC1EPKc
 .text._ZNSt12length_errorC2EPKc
                0x000000008001e840       0x30 /usr/local/mips64-elf/lib//libstdc++.a(cow-stdexcept.o)
                0x000000008001e840                _ZNSt12length_errorC2EPKc
                0x000000008001e840                _ZNSt12length_errorC1EPKc
 .text._ZNSs4_Rep9_S_createEjjRKSaIcE
                0x000000008001e870       0xf0 /usr/local/mips64-elf/lib//libstdc++.a(cow-string-inst.o)
                0x000000008001e870                _ZNSs4_Rep9_S_createEjjRKSaIcE
 .text._ZNSs4_Rep10_M_destroyERKSaIcE
                0x000000008001e960        0x8 /usr/local/mips64-elf/lib//libstdc++.a(cow-string-inst.o)
                0x000000008001e960                _ZNSs4_Rep10_M_destroyERKSaIcE
 *(.init)
 .init          0x000000008001e968        0x8 /usr/local/lib/gcc/mips64-elf/11.2.0/crti.o
                0x000000008001e968                _init
 *(.fini)
 .fini          0x000000008001e970        0x8 /usr/local/lib/gcc/mips64-elf/11.2.0/crti.o
                0x000000008001e970                _fini
 *(.gnu.linkonce.t.*)
                0x000000008001e980                . = ALIGN (0x10)
 *fill*         0x000000008001e978        0x8 
                0x000000008001e980                __text_end = .

.eh_frame_hdr
 *(.eh_frame_hdr)

.eh_frame       0x000000008001e980     0x19a4
 *(.eh_frame)
 .eh_frame      0x000000008001e980        0x0 /usr/local/lib/gcc/mips64-elf/11.2.0/crtbegin.o
 .eh_frame      0x000000008001e980      0x70c main.o
                                        0x8e0 (size before relaxing)
 .eh_frame      0x000000008001f08c       0x48 /usr/local/mips64-elf/lib//libstdc++.a(bad_cast.o)
                                         0x5c (size before relaxing)
 .eh_frame      0x000000008001f0d4      0x104 /usr/local/mips64-elf/lib//libstdc++.a(class_type_info.o)
                                        0x118 (size before relaxing)
 .eh_frame      0x000000008001f1d8       0x14 /usr/local/mips64-elf/lib//libstdc++.a(del_ops.o)
                                         0x28 (size before relaxing)
 .eh_frame      0x000000008001f1ec       0x84 /usr/local/mips64-elf/lib//libstdc++.a(eh_alloc.o)
                                         0xec (size before relaxing)
 .eh_frame      0x000000008001f270       0x18 /usr/local/mips64-elf/lib//libstdc++.a(eh_aux_runtime.o)
                                         0x5c (size before relaxing)
 .eh_frame      0x000000008001f288       0x14 /usr/local/mips64-elf/lib//libstdc++.a(eh_exception.o)
                                        0x104 (size before relaxing)
 .eh_frame      0x000000008001f29c      0x128 /usr/local/mips64-elf/lib//libstdc++.a(eh_personality.o)
                                        0x17c (size before relaxing)
 .eh_frame      0x000000008001f3c4       0x8c /usr/local/mips64-elf/lib//libstdc++.a(eh_terminate.o)
                                         0xe4 (size before relaxing)
 .eh_frame      0x000000008001f450       0x78 /usr/local/mips64-elf/lib//libstdc++.a(eh_throw.o)
                                         0x8c (size before relaxing)
 .eh_frame      0x000000008001f4c8       0x34 /usr/local/mips64-elf/lib//libstdc++.a(fundamental_type_info.o)
                                         0x48 (size before relaxing)
 .eh_frame      0x000000008001f4fc       0x20 /usr/local/mips64-elf/lib//libstdc++.a(new_op.o)
                                         0x34 (size before relaxing)
 .eh_frame      0x000000008001f51c       0x14 /usr/local/mips64-elf/lib//libstdc++.a(new_opv.o)
                                         0x28 (size before relaxing)
 .eh_frame      0x000000008001f530        0x0 /usr/local/mips64-elf/lib//libstdc++.a(pointer_type_info.o)
                                         0x88 (size before relaxing)
 .eh_frame      0x000000008001f530       0xe8 /usr/local/mips64-elf/lib//libstdc++.a(si_class_type_info.o)
                                         0xfc (size before relaxing)
 .eh_frame      0x000000008001f618       0x58 /usr/local/mips64-elf/lib//libstdc++.a(tinfo.o)
                                         0x80 (size before relaxing)
 .eh_frame      0x000000008001f670       0x20 /usr/local/mips64-elf/lib//libstdc++.a(vterminate.o)
                                         0x3c (size before relaxing)
 .eh_frame      0x000000008001f690       0x58 /usr/local/mips64-elf/lib//libstdc++.a(functexcept.o)
                                        0x1f0 (size before relaxing)
 .eh_frame      0x000000008001f6e8        0x0 /usr/local/mips64-elf/lib//libstdc++.a(snprintf_lite.o)
                                         0xa0 (size before relaxing)
 .eh_frame      0x000000008001f6e8       0x48 /usr/local/mips64-elf/lib//libstdc++.a(bad_alloc.o)
                                         0x5c (size before relaxing)
 .eh_frame      0x000000008001f730       0x48 /usr/local/mips64-elf/lib//libstdc++.a(bad_array_new.o)
                                         0x5c (size before relaxing)
 .eh_frame      0x000000008001f778        0x0 /usr/local/mips64-elf/lib//libstdc++.a(bad_typeid.o)
                                         0x5c (size before relaxing)
 .eh_frame      0x000000008001f778       0x14 /usr/local/mips64-elf/lib//libstdc++.a(del_op.o)
                                         0x28 (size before relaxing)
 .eh_frame      0x000000008001f78c       0x1c /usr/local/mips64-elf/lib//libstdc++.a(eh_call.o)
                                         0x30 (size before relaxing)
 .eh_frame      0x000000008001f7a8       0x58 /usr/local/mips64-elf/lib//libstdc++.a(eh_catch.o)
                                         0xb8 (size before relaxing)
 .eh_frame      0x000000008001f800       0x28 /usr/local/mips64-elf/lib//libstdc++.a(eh_globals.o)
                                         0x3c (size before relaxing)
 .eh_frame      0x000000008001f828       0x20 /usr/local/mips64-elf/lib//libstdc++.a(eh_type.o)
                                         0x34 (size before relaxing)
 .eh_frame      0x000000008001f848       0x14 /usr/local/mips64-elf/lib//libstdc++.a(new_handler.o)
                                         0x3c (size before relaxing)
 .eh_frame      0x000000008001f85c        0x0 /usr/local/mips64-elf/lib//libstdc++.a(pbase_type_info.o)
                                         0xcc (size before relaxing)
 .eh_frame      0x000000008001f85c        0x0 /usr/local/mips64-elf/lib//libstdc++.a(pmem_type_info.o)
                                         0x78 (size before relaxing)
 .eh_frame      0x000000008001f85c       0xa4 /usr/local/mips64-elf/lib//libstdc++.a(stdexcept.o)
                                        0x498 (size before relaxing)
 .eh_frame      0x000000008001f900       0x58 /usr/local/mips64-elf/lib//libstdc++.a(cow-stdexcept.o)
                                        0x9e8 (size before relaxing)
 .eh_frame      0x000000008001f958       0x40 /usr/local/mips64-elf/lib//libstdc++.a(cow-string-inst.o)
                                       0x23e8 (size before relaxing)
 .eh_frame      0x000000008001f998        0x0 /usr/local/mips64-elf/lib//libstdc++.a(random.o)
                                        0x260 (size before relaxing)
 .eh_frame      0x000000008001f998        0x0 /usr/local/mips64-elf/lib//libstdc++.a(sso_string.o)
                                        0x164 (size before relaxing)
 .eh_frame      0x000000008001f998        0x0 /usr/local/mips64-elf/lib//libstdc++.a(string-inst.o)
                                       0x23bc (size before relaxing)
 .eh_frame      0x000000008001f998      0x5e8 /usr/local/lib/gcc/mips64-elf/11.2.0/libgcc.a(unwind-dw2.o)
                                        0x5fc (size before relaxing)
 .eh_frame      0x000000008001ff80      0x3a0 /usr/local/lib/gcc/mips64-elf/11.2.0/libgcc.a(unwind-dw2-fde.o)
                                        0x3b4 (size before relaxing)
 .eh_frame      0x0000000080020320        0x4 /usr/local/lib/gcc/mips64-elf/11.2.0/crtend.o

.gcc_except_table
                0x0000000080020324       0xe3
 *(.gcc_except_table*)
 .gcc_except_table
                0x0000000080020324       0x63 main.o
 *fill*         0x0000000080020387        0x1 
 .gcc_except_table.__gxx_personality_v0
                0x0000000080020388       0x1c /usr/local/mips64-elf/lib//libstdc++.a(eh_personality.o)
 .gcc_except_table._ZN10__cxxabiv111__terminateEPFvvE
                0x00000000800203a4       0x10 /usr/local/mips64-elf/lib//libstdc++.a(eh_terminate.o)
 .gcc_except_table._ZN9__gnu_cxx27__verbose_terminate_handlerEv
                0x00000000800203b4       0x2c /usr/local/mips64-elf/lib//libstdc++.a(vterminate.o)
 .gcc_except_table._ZSt19__throw_logic_errorPKc
                0x00000000800203e0        0xc /usr/local/mips64-elf/lib//libstdc++.a(functexcept.o)
 .gcc_except_table._ZSt20__throw_length_errorPKc
                0x00000000800203ec        0xc /usr/local/mips64-elf/lib//libstdc++.a(functexcept.o)
 .gcc_except_table._ZNSt11logic_errorC2EPKc
                0x00000000800203f8        0xf /usr/local/mips64-elf/lib//libstdc++.a(cow-stdexcept.o)

.jcr
 *(.jcr)

.rodata         0x0000000080020408     0x3550
 *(.rdata)
 *(.rodata)
 .rodata        0x0000000080020408      0x800 main.o
 .rodata        0x0000000080020c08      0xf98 /usr/local/mips64-elf/lib//libstdc++.a(cp-demangle.o)
 .rodata        0x0000000080021ba0      0x188 /usr/local/mips64-elf/lib//libc.a(lib_a-svfprintf.o)
 .rodata        0x0000000080021d28      0x288 /usr/local/mips64-elf/lib//libc.a(lib_a-ctype_.o)
                0x0000000080021d28                _ctype_
                0x0000000080021e30                _ctype_b
 .rodata        0x0000000080021fb0      0x128 /usr/local/mips64-elf/lib//libc.a(lib_a-mprec.o)
                0x0000000080021fc0                __mprec_tinytens
                0x0000000080021fe8                __mprec_bigtens
                0x0000000080022010                __mprec_tens
 .rodata        0x00000000800220d8      0x188 /usr/local/mips64-elf/lib//libc.a(lib_a-svfiprintf.o)
 .rodata        0x0000000080022260      0x310 /usr/local/lib/gcc/mips64-elf/11.2.0/libgcc.a(unwind-dw2.o)
 .rodata        0x0000000080022570       0x40 /usr/local/lib/gcc/mips64-elf/11.2.0/libgcc.a(unwind-dw2-fde.o)
 *(.rodata.*)
 .rodata._ZNKSt12bad_any_cast4whatEv.str1.8
                0x00000000800225b0        0xd main.o
 *fill*         0x00000000800225bd        0x3 
 .rodata._ZNSt3any17_Manager_internalIiE9_S_manageENS_3_OpEPKS_PNS_4_ArgE
                0x00000000800225c0       0x14 main.o
 *fill*         0x00000000800225d4        0x4 
 .rodata._ZN6LibN648libntest11KeyZPressedEv.str1.8
                0x00000000800225d8        0xa main.o
 *fill*         0x00000000800225e2        0x6 
 .rodata._ZN6LibN648libntest11KeyBPressedEv.str1.8
                0x00000000800225e8        0xa main.o
 *fill*         0x00000000800225f2        0x6 
 .rodata._ZN6LibN648libntest11KeyAPressedEv.str1.8
                0x00000000800225f8        0xa main.o
 *fill*         0x0000000080022602        0x6 
 .rodata._ZN6LibN648libntest11FrameUpdateEv.str1.8
                0x0000000080022608       0x24 main.o
 *fill*         0x000000008002262c        0x4 
 .rodata.str1.8
                0x0000000080022630       0x8d main.o
 *fill*         0x00000000800226bd        0x3 
 .rodata._ZNSt7__cxx1112basic_stringIcSt11char_traitsIcESaIcEEC2IS3_EEPKcRKS3_.str1.8
                0x00000000800226c0       0x2a main.o
 *fill*         0x00000000800226ea        0x6 
 .rodata._ZNSt7__cxx1112basic_stringIcSt11char_traitsIcESaIcEE9_M_mutateEjjPKcj.str1.8
                0x00000000800226f0       0x18 main.o
 .rodata._ZTSSt12bad_any_cast
                0x0000000080022708       0x11 main.o
                0x0000000080022708                _ZTSSt12bad_any_cast
 *fill*         0x0000000080022719        0x7 
 .rodata._ZTISt12bad_any_cast
                0x0000000080022720        0xc main.o
                0x0000000080022720                _ZTISt12bad_any_cast
 *fill*         0x000000008002272c        0x4 
 .rodata._ZTSN6LibN645FrameE
                0x0000000080022730       0x10 main.o
                0x0000000080022730                _ZTSN6LibN645FrameE
 .rodata._ZTSN6LibN648libntestE
                0x0000000080022740       0x13 main.o
                0x0000000080022740                _ZTSN6LibN648libntestE
 *fill*         0x0000000080022753        0x5 
 .rodata._ZTIN6LibN648libntestE
                0x0000000080022758        0xc main.o
                0x0000000080022758                _ZTIN6LibN648libntestE
 *fill*         0x0000000080022764        0x4 
 .rodata._ZTSZN6LibN645Timer8LibTimer6UpdateESt8functionIFvvEEEd_UlvE_
                0x0000000080022768       0x3a main.o
                0x0000000080022768                _ZTSZN6LibN645Timer8LibTimer6UpdateESt8functionIFvvEEEd_UlvE_
 *fill*         0x00000000800227a2        0x2 
 .rodata._ZTVSt12bad_any_cast
                0x00000000800227a4       0x14 main.o
                0x00000000800227a4                _ZTVSt12bad_any_cast
 .rodata._ZTVN6LibN648libntestE
                0x00000000800227b8       0x38 main.o
                0x00000000800227b8                _ZTVN6LibN648libntestE
 .rodata._ZZNSt8__detail18__to_chars_10_implIjEEvPcjT_E8__digits
                0x00000000800227f0       0xc9 main.o
                0x00000000800227f0                _ZZNSt8__detail18__to_chars_10_implIjEEvPcjT_E8__digits
 *fill*         0x00000000800228b9        0x7 
 .rodata._ZNKSt8bad_cast4whatEv.str1.8
                0x00000000800228c0        0xe /usr/local/mips64-elf/lib//libstdc++.a(bad_cast.o)
 *fill*         0x00000000800228ce        0x2 
 .rodata._ZTSSt8bad_cast
                0x00000000800228d0        0xc /usr/local/mips64-elf/lib//libstdc++.a(bad_cast.o)
                0x00000000800228d0                _ZTSSt8bad_cast
 *fill*         0x00000000800228dc        0x4 
 .rodata._ZTISt8bad_cast
                0x00000000800228e0        0xc /usr/local/mips64-elf/lib//libstdc++.a(bad_cast.o)
                0x00000000800228e0                _ZTISt8bad_cast
 .rodata._ZTVSt8bad_cast
                0x00000000800228ec       0x14 /usr/local/mips64-elf/lib//libstdc++.a(bad_cast.o)
                0x00000000800228ec                _ZTVSt8bad_cast
 .rodata._ZTSN10__cxxabiv117__class_type_infoE
                0x0000000080022900       0x22 /usr/local/mips64-elf/lib//libstdc++.a(class_type_info.o)
                0x0000000080022900                _ZTSN10__cxxabiv117__class_type_infoE
 *fill*         0x0000000080022922        0x6 
 .rodata._ZTIN10__cxxabiv117__class_type_infoE
                0x0000000080022928        0xc /usr/local/mips64-elf/lib//libstdc++.a(class_type_info.o)
                0x0000000080022928                _ZTIN10__cxxabiv117__class_type_infoE
 .rodata._ZTVN10__cxxabiv117__class_type_infoE
                0x0000000080022934       0x2c /usr/local/mips64-elf/lib//libstdc++.a(class_type_info.o)
                0x0000000080022934                _ZTVN10__cxxabiv117__class_type_infoE
 .rodata._ZTSSt9exception
                0x0000000080022960        0xd /usr/local/mips64-elf/lib//libstdc++.a(eh_exception.o)
                0x0000000080022960                _ZTSSt9exception
 *fill*         0x000000008002296d        0x3 
 .rodata._ZTSN10__cxxabiv115__forced_unwindE
                0x0000000080022970       0x20 /usr/local/mips64-elf/lib//libstdc++.a(eh_exception.o)
                0x0000000080022970                _ZTSN10__cxxabiv115__forced_unwindE
 .rodata._ZTSN10__cxxabiv119__foreign_exceptionE
                0x0000000080022990       0x24 /usr/local/mips64-elf/lib//libstdc++.a(eh_exception.o)
                0x0000000080022990                _ZTSN10__cxxabiv119__foreign_exceptionE
 .rodata._ZL28read_encoded_value_with_basehjPKhPj
                0x00000000800229b4       0x34 /usr/local/mips64-elf/lib//libstdc++.a(eh_personality.o)
 .rodata._ZTSN10__cxxabiv123__fundamental_type_infoE
                0x00000000800229e8       0x28 /usr/local/mips64-elf/lib//libstdc++.a(fundamental_type_info.o)
                0x00000000800229e8                _ZTSN10__cxxabiv123__fundamental_type_infoE
 .rodata._ZTIN10__cxxabiv123__fundamental_type_infoE
                0x0000000080022a10        0xc /usr/local/mips64-elf/lib//libstdc++.a(fundamental_type_info.o)
                0x0000000080022a10                _ZTIN10__cxxabiv123__fundamental_type_infoE
 .rodata._ZTVN10__cxxabiv123__fundamental_type_infoE
                0x0000000080022a1c       0x20 /usr/local/mips64-elf/lib//libstdc++.a(fundamental_type_info.o)
                0x0000000080022a1c                _ZTVN10__cxxabiv123__fundamental_type_infoE
 *fill*         0x0000000080022a3c        0x4 
 .rodata._ZTSN10__cxxabiv120__si_class_type_infoE
                0x0000000080022a40       0x25 /usr/local/mips64-elf/lib//libstdc++.a(si_class_type_info.o)
                0x0000000080022a40                _ZTSN10__cxxabiv120__si_class_type_infoE
 *fill*         0x0000000080022a65        0x3 
 .rodata._ZTIN10__cxxabiv120__si_class_type_infoE
                0x0000000080022a68        0xc /usr/local/mips64-elf/lib//libstdc++.a(si_class_type_info.o)
                0x0000000080022a68                _ZTIN10__cxxabiv120__si_class_type_infoE
 .rodata._ZTVN10__cxxabiv120__si_class_type_infoE
                0x0000000080022a74       0x2c /usr/local/mips64-elf/lib//libstdc++.a(si_class_type_info.o)
                0x0000000080022a74                _ZTVN10__cxxabiv120__si_class_type_infoE
 .rodata._ZTSSt9type_info
                0x0000000080022aa0        0xd /usr/local/mips64-elf/lib//libstdc++.a(tinfo.o)
                0x0000000080022aa0                _ZTSSt9type_info
 *fill*         0x0000000080022aad        0x3 
 .rodata._ZN9__gnu_cxx27__verbose_terminate_handlerEv.str1.8
                0x0000000080022ab0       0x9c /usr/local/mips64-elf/lib//libstdc++.a(vterminate.o)
 *fill*         0x0000000080022b4c        0x4 
 .rodata._ZNKSt9bad_alloc4whatEv.str1.8
                0x0000000080022b50        0xf /usr/local/mips64-elf/lib//libstdc++.a(bad_alloc.o)
 *fill*         0x0000000080022b5f        0x1 
 .rodata._ZTSSt9bad_alloc
                0x0000000080022b60        0xd /usr/local/mips64-elf/lib//libstdc++.a(bad_alloc.o)
                0x0000000080022b60                _ZTSSt9bad_alloc
 *fill*         0x0000000080022b6d        0x3 
 .rodata._ZTISt9bad_alloc
                0x0000000080022b70        0xc /usr/local/mips64-elf/lib//libstdc++.a(bad_alloc.o)
                0x0000000080022b70                _ZTISt9bad_alloc
 .rodata._ZTVSt9bad_alloc
                0x0000000080022b7c       0x14 /usr/local/mips64-elf/lib//libstdc++.a(bad_alloc.o)
                0x0000000080022b7c                _ZTVSt9bad_alloc
 .rodata._ZNKSt20bad_array_new_length4whatEv.str1.8
                0x0000000080022b90       0x1a /usr/local/mips64-elf/lib//libstdc++.a(bad_array_new.o)
 *fill*         0x0000000080022baa        0x6 
 .rodata._ZTSSt20bad_array_new_length
                0x0000000080022bb0       0x19 /usr/local/mips64-elf/lib//libstdc++.a(bad_array_new.o)
                0x0000000080022bb0                _ZTSSt20bad_array_new_length
 *fill*         0x0000000080022bc9        0x7 
 .rodata._ZTISt20bad_array_new_length
                0x0000000080022bd0        0xc /usr/local/mips64-elf/lib//libstdc++.a(bad_array_new.o)
                0x0000000080022bd0                _ZTISt20bad_array_new_length
 .rodata._ZTVSt20bad_array_new_length
                0x0000000080022bdc       0x14 /usr/local/mips64-elf/lib//libstdc++.a(bad_array_new.o)
                0x0000000080022bdc                _ZTVSt20bad_array_new_length
 .rodata.str1.8
                0x0000000080022bf0      0xbb1 /usr/local/mips64-elf/lib//libstdc++.a(cp-demangle.o)
                                        0xbe1 (size before relaxing)
 *fill*         0x00000000800237a1        0x7 
 .rodata._ZTSSt11logic_error
                0x00000000800237a8       0x10 /usr/local/mips64-elf/lib//libstdc++.a(stdexcept.o)
                0x00000000800237a8                _ZTSSt11logic_error
 .rodata._ZTISt11logic_error
                0x00000000800237b8        0xc /usr/local/mips64-elf/lib//libstdc++.a(stdexcept.o)
                0x00000000800237b8                _ZTISt11logic_error
 *fill*         0x00000000800237c4        0x4 
 .rodata._ZTSSt12length_error
                0x00000000800237c8       0x11 /usr/local/mips64-elf/lib//libstdc++.a(stdexcept.o)
                0x00000000800237c8                _ZTSSt12length_error
 *fill*         0x00000000800237d9        0x7 
 .rodata._ZTISt12length_error
                0x00000000800237e0        0xc /usr/local/mips64-elf/lib//libstdc++.a(stdexcept.o)
                0x00000000800237e0                _ZTISt12length_error
 .rodata._ZTVSt11logic_error
                0x00000000800237ec       0x14 /usr/local/mips64-elf/lib//libstdc++.a(stdexcept.o)
                0x00000000800237ec                _ZTVSt11logic_error
 .rodata._ZTVSt12length_error
                0x0000000080023800       0x14 /usr/local/mips64-elf/lib//libstdc++.a(stdexcept.o)
                0x0000000080023800                _ZTVSt12length_error
 *fill*         0x0000000080023814        0x4 
 .rodata._ZNSt11logic_errorC2EPKc.str1.8
                0x0000000080023818       0x2a /usr/local/mips64-elf/lib//libstdc++.a(cow-stdexcept.o)
 *fill*         0x0000000080023842        0x6 
 .rodata._ZNSs4_Rep9_S_createEjjRKSaIcE.str1.8
                0x0000000080023848       0x18 /usr/local/mips64-elf/lib//libstdc++.a(cow-string-inst.o)
 .rodata.str1.8
                0x0000000080023860       0x5a /usr/local/mips64-elf/lib//libc.a(lib_a-svfprintf.o)
 *fill*         0x00000000800238ba        0x6 
 .rodata.str1.8
                0x00000000800238c0       0x58 /usr/local/mips64-elf/lib//libc.a(lib_a-dtoa.o)
                                         0x60 (size before relaxing)
 .rodata.str1.8
                0x0000000080023918        0xe /usr/local/mips64-elf/lib//libc.a(lib_a-locale.o)
                                         0x1a (size before relaxing)
 *fill*         0x0000000080023926        0x2 
 .rodata.str1.8
                0x0000000080023928       0x29 /usr/local/mips64-elf/lib//libc.a(lib_a-mprec.o)
                                         0x41 (size before relaxing)
 .rodata.str1.8
                0x0000000080023951       0x37 /usr/local/mips64-elf/lib//libc.a(lib_a-svfiprintf.o)
 *(.gnu.linkonce.r.*)
                0x0000000080023988                . = ALIGN (0x8)
 *fill*         0x0000000080023951        0x7 

.MIPS.abiflags  0x0000000080023958       0x18
 .MIPS.abiflags
                0x0000000080023958       0x18 /usr/local/lib/gcc/mips64-elf/11.2.0/crti.o

.rel.dyn        0x0000000080023970       0x10
 .rel.dyn       0x0000000080023970       0x10 main.o
                0x0000000080023980                . = ALIGN (0x4)

.ctors          0x0000000080023980        0xc
                0x0000000080023980                __CTOR_LIST__ = .
 *(.ctors)
 .ctors         0x0000000080023980        0x4 /usr/local/lib/gcc/mips64-elf/11.2.0/crtbegin.o
 .ctors         0x0000000080023984        0x4 /usr/local/mips64-elf/lib//libstdc++.a(eh_alloc.o)
 .ctors         0x0000000080023988        0x4 /usr/local/lib/gcc/mips64-elf/11.2.0/crtend.o
                0x000000008002398c                __CTOR_END__ = .
                0x0000000080023990                . = ALIGN (0x8)

.data           0x0000000080023990      0x9e0
                0x0000000080023990                __data_start = .
 *(.data)
 .data          0x0000000080023990       0x40 main.o
                0x0000000080023990                SI_READ_MSG
 .data          0x00000000800239d0      0x428 /usr/local/mips64-elf/lib//libc.a(lib_a-impure.o)
 .data          0x0000000080023df8      0x408 /usr/local/mips64-elf/lib//libc.a(lib_a-mallocr.o)
                0x0000000080023df8                __malloc_av_
 .data          0x0000000080024200      0x16c /usr/local/mips64-elf/lib//libc.a(lib_a-locale.o)
                0x0000000080024200                __global_locale
 *(.data.*)
 *(.gnu.linkonce.d.*)
                0x0000000080024370                . = ALIGN (0x8)
 *fill*         0x000000008002436c        0x4 

.sdata          0x0000000080024370      0x108
                0x000000008002c370                _gp = (. + 0x8000)
 *(.sdata)
 .sdata         0x0000000080024370       0x30 main.o
                0x0000000080024370                cpad_data
                0x0000000080024378                _ZN6LibN647Display4cPosE
                0x0000000080024380                _ZN6LibN647Display9TextColor10BackgroundE
                0x0000000080024384                _ZN6LibN647Display9TextColor10ForegroundE
 .sdata         0x00000000800243a0        0x8 /usr/local/mips64-elf/lib//libc.a(lib_a-impure.o)
                0x00000000800243a0                _global_impure_ptr
                0x00000000800243a4                _impure_ptr
 .sdata         0x00000000800243a8        0x8 /usr/local/mips64-elf/lib//libc.a(lib_a-mallocr.o)
                0x00000000800243a8                __malloc_sbrk_base
                0x00000000800243ac                __malloc_trim_threshold
 .sdata         0x00000000800243b0        0x8 /usr/local/mips64-elf/lib//libc.a(lib_a-svfprintf.o)
 .sdata         0x00000000800243b8       0x48 /usr/local/mips64-elf/lib//libc.a(lib_a-dtoa.o)
 .sdata         0x0000000080024400       0x10 /usr/local/mips64-elf/lib//libc.a(lib_a-mprec.o)
 *(.sdata.*)
 .sdata._ZTIN6LibN645FrameE
                0x0000000080024410        0x8 main.o
                0x0000000080024410                _ZTIN6LibN645FrameE
 .sdata._ZTIZN6LibN645Timer8LibTimer6UpdateESt8functionIFvvEEEd_UlvE_
                0x0000000080024418        0x8 main.o
                0x0000000080024418                _ZTIZN6LibN645Timer8LibTimer6UpdateESt8functionIFvvEEEd_UlvE_
 .sdata.DW.ref.__gxx_personality_v0
                0x0000000080024420        0x4 main.o
                0x0000000080024420                DW.ref.__gxx_personality_v0
 *fill*         0x0000000080024424        0x4 
 .sdata._ZTISt9exception
                0x0000000080024428        0x8 /usr/local/mips64-elf/lib//libstdc++.a(eh_exception.o)
                0x0000000080024428                _ZTISt9exception
 .sdata._ZTIN10__cxxabiv115__forced_unwindE
                0x0000000080024430        0x8 /usr/local/mips64-elf/lib//libstdc++.a(eh_exception.o)
                0x0000000080024430                _ZTIN10__cxxabiv115__forced_unwindE
 .sdata._ZTIN10__cxxabiv119__foreign_exceptionE
                0x0000000080024438        0x8 /usr/local/mips64-elf/lib//libstdc++.a(eh_exception.o)
                0x0000000080024438                _ZTIN10__cxxabiv119__foreign_exceptionE
 .sdata._ZN10__cxxabiv120__unexpected_handlerE
                0x0000000080024440        0x4 /usr/local/mips64-elf/lib//libstdc++.a(eh_unex_handler.o)
                0x0000000080024440                _ZN10__cxxabiv120__unexpected_handlerE
 *fill*         0x0000000080024444        0x4 
 .sdata._ZTSv   0x0000000080024448        0x2 /usr/local/mips64-elf/lib//libstdc++.a(fundamental_type_info.o)
                0x0000000080024448                _ZTSv
 *fill*         0x000000008002444a        0x6 
 .sdata._ZTSi   0x0000000080024450        0x2 /usr/local/mips64-elf/lib//libstdc++.a(fundamental_type_info.o)
                0x0000000080024450                _ZTSi
 *fill*         0x0000000080024452        0x6 
 .sdata._ZTIi   0x0000000080024458        0x8 /usr/local/mips64-elf/lib//libstdc++.a(fundamental_type_info.o)
                0x0000000080024458                _ZTIi
 .sdata._ZTIv   0x0000000080024460        0x8 /usr/local/mips64-elf/lib//libstdc++.a(fundamental_type_info.o)
                0x0000000080024460                _ZTIv
 .sdata._ZTISt9type_info
                0x0000000080024468        0x8 /usr/local/mips64-elf/lib//libstdc++.a(tinfo.o)
                0x0000000080024468                _ZTISt9type_info
 .sdata.DW.ref._ZTISt9exception
                0x0000000080024470        0x4 /usr/local/mips64-elf/lib//libstdc++.a(vterminate.o)
                0x0000000080024470                DW.ref._ZTISt9exception
 .sdata._ZN10__cxxabiv119__terminate_handlerE
                0x0000000080024474        0x4 /usr/local/mips64-elf/lib//libstdc++.a(eh_term_handler.o)
                0x0000000080024474                _ZN10__cxxabiv119__terminate_handlerE
 *(.gnu.linkonce.s.*)
                0x0000000080024478                . = ALIGN (0x8)

.lit8           0x0000000080024478        0x0
 *(.lit8)
                0x0000000080024478                . = ALIGN (0x8)

.lit4           0x0000000080024478        0x0
 *(.lit4)
                0x0000000080024478                . = ALIGN (0x8)
                0x0000000080024478                __data_end = .

.sbss           0x0000000080024478       0x4c
                0x0000000080024478                __bss_start = .
 *(.sbss)
 .sbss          0x0000000080024478       0x28 main.o
                0x0000000080024478                _ZN6LibN647Display3RDP3posE
                0x000000008002447c                _ZN6LibN647Display10dbufferingE
                0x000000008002447d                _ZN6LibN647Display8bFillingE
                0x0000000080024480                _ZN6LibN647Display13active_bufferE
                0x0000000080024488                _ZN6LibN647Display11buffer_listE
                0x0000000080024490                _ZN6LibN647Display10global_resE
 .sbss          0x00000000800244a0        0xc /usr/local/mips64-elf/lib//libc.a(lib_a-mallocr.o)
                0x00000000800244a0                __malloc_max_total_mem
                0x00000000800244a4                __malloc_max_sbrked_mem
                0x00000000800244a8                __malloc_top_pad
 .sbss          0x00000000800244ac        0x4 /usr/local/mips64-elf/lib//libc.a(lib_a-reent.o)
                0x00000000800244ac                errno
 *(.sbss.*)
 .sbss._ZZN9__gnu_cxx27__verbose_terminate_handlerEvE11terminating
                0x00000000800244b0        0x1 /usr/local/mips64-elf/lib//libstdc++.a(vterminate.o)
 *fill*         0x00000000800244b1        0x7 
 .sbss._ZL10eh_globals
                0x00000000800244b8        0x8 /usr/local/mips64-elf/lib//libstdc++.a(eh_globals.o)
 .sbss._ZN12_GLOBAL__N_113__new_handlerE
                0x00000000800244c0        0x4 /usr/local/mips64-elf/lib//libstdc++.a(new_handler.o)
 *(.gnu.linkonce.sb.*)
 *(.scommon)
 *(.scommon.*)
                0x00000000800244c8                . = ALIGN (0x8)

.bss            0x00000000800244c8     0x1158
 *(.bss)
 .bss           0x00000000800244c8     0x1040 main.o
                0x00000000800244c8                _ZN6LibN647Display3RDP13commandBufferE
                0x00000000800254c8                si_data
 .bss           0x0000000080025508       0x28 /usr/local/mips64-elf/lib//libc.a(lib_a-mallocr.o)
                0x0000000080025508                __malloc_current_mallinfo
 .bss           0x0000000080025530       0xbd /usr/local/lib/gcc/mips64-elf/11.2.0/libgcc.a(unwind-dw2.o)
 *fill*         0x00000000800255ed        0x3 
 .bss           0x00000000800255f0        0xc /usr/local/lib/gcc/mips64-elf/11.2.0/libgcc.a(unwind-dw2-fde.o)
 *(.bss*)
 *fill*         0x00000000800255fc        0x4 
 .bss._ZN12_GLOBAL__N_114emergency_poolE
                0x0000000080025600       0x10 /usr/local/mips64-elf/lib//libstdc++.a(eh_alloc.o)
 .bss._ZNSs4_Rep20_S_empty_rep_storageE
                0x0000000080025610       0x10 /usr/local/mips64-elf/lib//libstdc++.a(cow-string-inst.o)
                0x0000000080025610                _ZNSs4_Rep20_S_empty_rep_storageE
 *(.gnu.linkonce.b.*)
 *(COMMON)
                0x0000000080025620                . = ALIGN (0x8)
                0x0000000080025620                __bss_end = .
                0x0000000080025620                . = ALIGN (0x8)
                0x0000000080025620                end = .
OUTPUT(file.elf elf32-bigmips)

.reginfo        0x0000000000000000       0x18
 .reginfo       0x0000000000000000       0x18 /usr/local/lib/gcc/mips64-elf/11.2.0/crti.o

.pdr            0x0000000000000000        0x0
 .pdr           0x0000000000000000        0x0 /usr/local/lib/gcc/mips64-elf/11.2.0/crti.o
 .pdr           0x0000000000000000        0x0 /usr/local/lib/gcc/mips64-elf/11.2.0/crtbegin.o
 .pdr           0x0000000000000000        0x0 entry.o
 .pdr           0x0000000000000000        0x0 /usr/local/mips64-elf/lib//libstdc++.a(eh_unex_handler.o)
 .pdr           0x0000000000000000        0x0 /usr/local/mips64-elf/lib//libstdc++.a(eh_term_handler.o)
 .pdr           0x0000000000000000        0x0 /usr/local/mips64-elf/lib//libc.a(lib_a-impure.o)
 .pdr           0x0000000000000000        0x0 /usr/local/mips64-elf/lib//libc.a(lib_a-ctype_.o)
 .pdr           0x0000000000000000        0x0 /usr/local/lib/gcc/mips64-elf/11.2.0/crtend.o

.gnu.attributes
                0x0000000000000000       0x10
 .gnu.attributes
                0x0000000000000000       0x10 /usr/local/lib/gcc/mips64-elf/11.2.0/crti.o
 .gnu.attributes
                0x0000000000000010       0x10 /usr/local/lib/gcc/mips64-elf/11.2.0/crtbegin.o
 .gnu.attributes
                0x0000000000000020       0x10 entry.o
 .gnu.attributes
                0x0000000000000030       0x10 main.o
 .gnu.attributes
                0x0000000000000040       0x10 /usr/local/mips64-elf/lib//libstdc++.a(bad_cast.o)
 .gnu.attributes
                0x0000000000000050       0x10 /usr/local/mips64-elf/lib//libstdc++.a(class_type_info.o)
 .gnu.attributes
                0x0000000000000060       0x10 /usr/local/mips64-elf/lib//libstdc++.a(del_ops.o)
 .gnu.attributes
                0x0000000000000070       0x10 /usr/local/mips64-elf/lib//libstdc++.a(eh_alloc.o)
 .gnu.attributes
                0x0000000000000080       0x10 /usr/local/mips64-elf/lib//libstdc++.a(eh_aux_runtime.o)
 .gnu.attributes
                0x0000000000000090       0x10 /usr/local/mips64-elf/lib//libstdc++.a(eh_exception.o)
 .gnu.attributes
                0x00000000000000a0       0x10 /usr/local/mips64-elf/lib//libstdc++.a(eh_personality.o)
 .gnu.attributes
                0x00000000000000b0       0x10 /usr/local/mips64-elf/lib//libstdc++.a(eh_terminate.o)
 .gnu.attributes
                0x00000000000000c0       0x10 /usr/local/mips64-elf/lib//libstdc++.a(eh_throw.o)
 .gnu.attributes
                0x00000000000000d0       0x10 /usr/local/mips64-elf/lib//libstdc++.a(eh_unex_handler.o)
 .gnu.attributes
                0x00000000000000e0       0x10 /usr/local/mips64-elf/lib//libstdc++.a(fundamental_type_info.o)
 .gnu.attributes
                0x00000000000000f0       0x10 /usr/local/mips64-elf/lib//libstdc++.a(new_op.o)
 .gnu.attributes
                0x0000000000000100       0x10 /usr/local/mips64-elf/lib//libstdc++.a(new_opv.o)
 .gnu.attributes
                0x0000000000000110       0x10 /usr/local/mips64-elf/lib//libstdc++.a(pointer_type_info.o)
 .gnu.attributes
                0x0000000000000120       0x10 /usr/local/mips64-elf/lib//libstdc++.a(si_class_type_info.o)
 .gnu.attributes
                0x0000000000000130       0x10 /usr/local/mips64-elf/lib//libstdc++.a(tinfo.o)
 .gnu.attributes
                0x0000000000000140       0x10 /usr/local/mips64-elf/lib//libstdc++.a(vterminate.o)
 .gnu.attributes
                0x0000000000000150       0x10 /usr/local/mips64-elf/lib//libstdc++.a(functexcept.o)
 .gnu.attributes
                0x0000000000000160       0x10 /usr/local/mips64-elf/lib//libstdc++.a(snprintf_lite.o)
 .gnu.attributes
                0x0000000000000170       0x10 /usr/local/mips64-elf/lib//libstdc++.a(bad_alloc.o)
 .gnu.attributes
                0x0000000000000180       0x10 /usr/local/mips64-elf/lib//libstdc++.a(bad_array_new.o)
 .gnu.attributes
                0x0000000000000190       0x10 /usr/local/mips64-elf/lib//libstdc++.a(bad_typeid.o)
 .gnu.attributes
                0x00000000000001a0       0x10 /usr/local/mips64-elf/lib//libstdc++.a(cp-demangle.o)
 .gnu.attributes
                0x00000000000001b0       0x10 /usr/local/mips64-elf/lib//libstdc++.a(del_op.o)
 .gnu.attributes
                0x00000000000001c0       0x10 /usr/local/mips64-elf/lib//libstdc++.a(eh_call.o)
 .gnu.attributes
                0x00000000000001d0       0x10 /usr/local/mips64-elf/lib//libstdc++.a(eh_catch.o)
 .gnu.attributes
                0x00000000000001e0       0x10 /usr/local/mips64-elf/lib//libstdc++.a(eh_globals.o)
 .gnu.attributes
                0x00000000000001f0       0x10 /usr/local/mips64-elf/lib//libstdc++.a(eh_term_handler.o)
 .gnu.attributes
                0x0000000000000200       0x10 /usr/local/mips64-elf/lib//libstdc++.a(eh_type.o)
 .gnu.attributes
                0x0000000000000210       0x10 /usr/local/mips64-elf/lib//libstdc++.a(new_handler.o)
 .gnu.attributes
                0x0000000000000220       0x10 /usr/local/mips64-elf/lib//libstdc++.a(pbase_type_info.o)
 .gnu.attributes
                0x0000000000000230       0x10 /usr/local/mips64-elf/lib//libstdc++.a(pmem_type_info.o)
 .gnu.attributes
                0x0000000000000240       0x10 /usr/local/mips64-elf/lib//libstdc++.a(stdexcept.o)
 .gnu.attributes
                0x0000000000000250       0x10 /usr/local/mips64-elf/lib//libstdc++.a(cow-stdexcept.o)
 .gnu.attributes
                0x0000000000000260       0x10 /usr/local/mips64-elf/lib//libstdc++.a(cow-string-inst.o)
 .gnu.attributes
                0x0000000000000270       0x10 /usr/local/mips64-elf/lib//libstdc++.a(random.o)
 .gnu.attributes
                0x0000000000000280       0x10 /usr/local/mips64-elf/lib//libstdc++.a(sso_string.o)
 .gnu.attributes
                0x0000000000000290       0x10 /usr/local/mips64-elf/lib//libstdc++.a(string-inst.o)
 .gnu.attributes
                0x00000000000002a0       0x10 /usr/local/mips64-elf/lib//libc.a(lib_a-abort.o)
 .gnu.attributes
                0x00000000000002b0       0x10 /usr/local/mips64-elf/lib//libc.a(lib_a-exit.o)
 .gnu.attributes
                0x00000000000002c0       0x10 /usr/local/mips64-elf/lib//libc.a(lib_a-fputc.o)
 .gnu.attributes
                0x00000000000002d0       0x10 /usr/local/mips64-elf/lib//libc.a(lib_a-fputs.o)
 .gnu.attributes
                0x00000000000002e0       0x10 /usr/local/mips64-elf/lib//libc.a(lib_a-fvwrite.o)
 .gnu.attributes
                0x00000000000002f0       0x10 /usr/local/mips64-elf/lib//libc.a(lib_a-fwrite.o)
 .gnu.attributes
                0x0000000000000300       0x10 /usr/local/mips64-elf/lib//libc.a(lib_a-impure.o)
 .gnu.attributes
                0x0000000000000310       0x10 /usr/local/mips64-elf/lib//libc.a(lib_a-malloc.o)
 .gnu.attributes
                0x0000000000000320       0x10 /usr/local/mips64-elf/lib//libc.a(lib_a-mallocr.o)
 .gnu.attributes
                0x0000000000000330       0x10 /usr/local/mips64-elf/lib//libc.a(lib_a-memchr.o)
 .gnu.attributes
                0x0000000000000340       0x10 /usr/local/mips64-elf/lib//libc.a(lib_a-memcmp.o)
 .gnu.attributes
                0x0000000000000350       0x10 /usr/local/mips64-elf/lib//libc.a(lib_a-memcpy.o)
 .gnu.attributes
                0x0000000000000360       0x10 /usr/local/mips64-elf/lib//libc.a(lib_a-memmove.o)
 .gnu.attributes
                0x0000000000000370       0x10 /usr/local/mips64-elf/lib//libc.a(lib_a-memset.o)
 .gnu.attributes
                0x0000000000000380       0x10 /usr/local/mips64-elf/lib//libc.a(lib_a-mlock.o)
 .gnu.attributes
                0x0000000000000390       0x10 /usr/local/mips64-elf/lib//libc.a(lib_a-putc.o)
 .gnu.attributes
                0x00000000000003a0       0x10 /usr/local/mips64-elf/lib//libc.a(lib_a-realloc.o)
 .gnu.attributes
                0x00000000000003b0       0x10 /usr/local/mips64-elf/lib//libc.a(lib_a-reallocr.o)
 .gnu.attributes
                0x00000000000003c0       0x10 /usr/local/mips64-elf/lib//libc.a(lib_a-sbrkr.o)
 .gnu.attributes
                0x00000000000003d0       0x10 /usr/local/mips64-elf/lib//libc.a(lib_a-signal.o)
 .gnu.attributes
                0x00000000000003e0       0x10 /usr/local/mips64-elf/lib//libc.a(lib_a-signalr.o)
 .gnu.attributes
                0x00000000000003f0       0x10 /usr/local/mips64-elf/lib//libc.a(lib_a-snprintf.o)
 .gnu.attributes
                0x0000000000000400       0x10 /usr/local/mips64-elf/lib//libc.a(lib_a-sprintf.o)
 .gnu.attributes
                0x0000000000000410       0x10 /usr/local/mips64-elf/lib//libc.a(lib_a-strcmp.o)
 .gnu.attributes
                0x0000000000000420       0x10 /usr/local/mips64-elf/lib//libc.a(lib_a-strlen.o)
 .gnu.attributes
                0x0000000000000430       0x10 /usr/local/mips64-elf/lib//libc.a(lib_a-strncmp.o)
 .gnu.attributes
                0x0000000000000440       0x10 /usr/local/mips64-elf/lib//libc.a(lib_a-svfprintf.o)
 .gnu.attributes
                0x0000000000000450       0x10 /usr/local/mips64-elf/lib//libc.a(lib_a-vsnprintf.o)
 .gnu.attributes
                0x0000000000000460       0x10 /usr/local/mips64-elf/lib//libc.a(lib_a-wbuf.o)
 .gnu.attributes
                0x0000000000000470       0x10 /usr/local/mips64-elf/lib//libc.a(lib_a-wsetup.o)
 .gnu.attributes
                0x0000000000000480       0x10 /usr/local/mips64-elf/lib//libc.a(lib_a-__call_atexit.o)
 .gnu.attributes
                0x0000000000000490       0x10 /usr/local/mips64-elf/lib//libc.a(lib_a-ctype_.o)
 .gnu.attributes
                0x00000000000004a0       0x10 /usr/local/mips64-elf/lib//libc.a(lib_a-dtoa.o)
 .gnu.attributes
                0x00000000000004b0       0x10 /usr/local/mips64-elf/lib//libc.a(lib_a-fflush.o)
 .gnu.attributes
                0x00000000000004c0       0x10 /usr/local/mips64-elf/lib//libc.a(lib_a-findfp.o)
 .gnu.attributes
                0x00000000000004d0       0x10 /usr/local/mips64-elf/lib//libc.a(lib_a-freer.o)
 .gnu.attributes
                0x00000000000004e0       0x10 /usr/local/mips64-elf/lib//libc.a(lib_a-fwalk.o)
 .gnu.attributes
                0x00000000000004f0       0x10 /usr/local/mips64-elf/lib//libc.a(lib_a-localeconv.o)
 .gnu.attributes
                0x0000000000000500       0x10 /usr/local/mips64-elf/lib//libc.a(lib_a-locale.o)
 .gnu.attributes
                0x0000000000000510       0x10 /usr/local/mips64-elf/lib//libc.a(lib_a-makebuf.o)
 .gnu.attributes
                0x0000000000000520       0x10 /usr/local/mips64-elf/lib//libc.a(lib_a-mbtowc_r.o)
 .gnu.attributes
                0x0000000000000530       0x10 /usr/local/mips64-elf/lib//libc.a(lib_a-mprec.o)
 .gnu.attributes
                0x0000000000000540       0x10 /usr/local/mips64-elf/lib//libc.a(lib_a-reent.o)
 .gnu.attributes
                0x0000000000000550       0x10 /usr/local/mips64-elf/lib//libc.a(lib_a-stdio.o)
 .gnu.attributes
                0x0000000000000560       0x10 /usr/local/mips64-elf/lib//libc.a(lib_a-svfiprintf.o)
 .gnu.attributes
                0x0000000000000570       0x10 /usr/local/mips64-elf/lib//libc.a(lib_a-wctomb_r.o)
 .gnu.attributes
                0x0000000000000580       0x10 /usr/local/mips64-elf/lib//libc.a(lib_a-writer.o)
 .gnu.attributes
                0x0000000000000590       0x10 /usr/local/mips64-elf/lib//libc.a(lib_a-callocr.o)
 .gnu.attributes
                0x00000000000005a0       0x10 /usr/local/mips64-elf/lib//libc.a(lib_a-closer.o)
 .gnu.attributes
                0x00000000000005b0       0x10 /usr/local/mips64-elf/lib//libc.a(lib_a-errno.o)
 .gnu.attributes
                0x00000000000005c0       0x10 /usr/local/mips64-elf/lib//libc.a(lib_a-fclose.o)
 .gnu.attributes
                0x00000000000005d0       0x10 /usr/local/mips64-elf/lib//libc.a(lib_a-fstatr.o)
 .gnu.attributes
                0x00000000000005e0       0x10 /usr/local/mips64-elf/lib//libc.a(lib_a-isattyr.o)
 .gnu.attributes
                0x00000000000005f0       0x10 /usr/local/mips64-elf/lib//libc.a(lib_a-lseekr.o)
 .gnu.attributes
                0x0000000000000600       0x10 /usr/local/mips64-elf/lib//libc.a(lib_a-readr.o)
 .gnu.attributes
                0x0000000000000610       0x10 /usr/local/lib/gcc/mips64-elf/11.2.0/libgcc.a(unwind-dw2.o)
 .gnu.attributes
                0x0000000000000620       0x10 /usr/local/lib/gcc/mips64-elf/11.2.0/libgcc.a(unwind-dw2-fde.o)
 .gnu.attributes
                0x0000000000000630       0x10 /usr/local/lib/gcc/mips64-elf/11.2.0/crtend.o

.mdebug.abiO64  0x0000000000000000        0x0
 .mdebug.abiO64
                0x0000000000000000        0x0 /usr/local/lib/gcc/mips64-elf/11.2.0/crtbegin.o
 .mdebug.abiO64
                0x0000000000000000        0x0 main.o
 .mdebug.abiO64
                0x0000000000000000        0x0 /usr/local/mips64-elf/lib//libstdc++.a(bad_cast.o)
 .mdebug.abiO64
                0x0000000000000000        0x0 /usr/local/mips64-elf/lib//libstdc++.a(class_type_info.o)
 .mdebug.abiO64
                0x0000000000000000        0x0 /usr/local/mips64-elf/lib//libstdc++.a(del_ops.o)
 .mdebug.abiO64
                0x0000000000000000        0x0 /usr/local/mips64-elf/lib//libstdc++.a(eh_alloc.o)
 .mdebug.abiO64
                0x0000000000000000        0x0 /usr/local/mips64-elf/lib//libstdc++.a(eh_aux_runtime.o)
 .mdebug.abiO64
                0x0000000000000000        0x0 /usr/local/mips64-elf/lib//libstdc++.a(eh_exception.o)
 .mdebug.abiO64
                0x0000000000000000        0x0 /usr/local/mips64-elf/lib//libstdc++.a(eh_personality.o)
 .mdebug.abiO64
                0x0000000000000000        0x0 /usr/local/mips64-elf/lib//libstdc++.a(eh_terminate.o)
 .mdebug.abiO64
                0x0000000000000000        0x0 /usr/local/mips64-elf/lib//libstdc++.a(eh_throw.o)
 .mdebug.abiO64
                0x0000000000000000        0x0 /usr/local/mips64-elf/lib//libstdc++.a(eh_unex_handler.o)
 .mdebug.abiO64
                0x0000000000000000        0x0 /usr/local/mips64-elf/lib//libstdc++.a(fundamental_type_info.o)
 .mdebug.abiO64
                0x0000000000000000        0x0 /usr/local/mips64-elf/lib//libstdc++.a(new_op.o)
 .mdebug.abiO64
                0x0000000000000000        0x0 /usr/local/mips64-elf/lib//libstdc++.a(new_opv.o)
 .mdebug.abiO64
                0x0000000000000000        0x0 /usr/local/mips64-elf/lib//libstdc++.a(pointer_type_info.o)
 .mdebug.abiO64
                0x0000000000000000        0x0 /usr/local/mips64-elf/lib//libstdc++.a(si_class_type_info.o)
 .mdebug.abiO64
                0x0000000000000000        0x0 /usr/local/mips64-elf/lib//libstdc++.a(tinfo.o)
 .mdebug.abiO64
                0x0000000000000000        0x0 /usr/local/mips64-elf/lib//libstdc++.a(vterminate.o)
 .mdebug.abiO64
                0x0000000000000000        0x0 /usr/local/mips64-elf/lib//libstdc++.a(functexcept.o)
 .mdebug.abiO64
                0x0000000000000000        0x0 /usr/local/mips64-elf/lib//libstdc++.a(snprintf_lite.o)
 .mdebug.abiO64
                0x0000000000000000        0x0 /usr/local/mips64-elf/lib//libstdc++.a(bad_alloc.o)
 .mdebug.abiO64
                0x0000000000000000        0x0 /usr/local/mips64-elf/lib//libstdc++.a(bad_array_new.o)
 .mdebug.abiO64
                0x0000000000000000        0x0 /usr/local/mips64-elf/lib//libstdc++.a(bad_typeid.o)
 .mdebug.abiO64
                0x0000000000000000        0x0 /usr/local/mips64-elf/lib//libstdc++.a(cp-demangle.o)
 .mdebug.abiO64
                0x0000000000000000        0x0 /usr/local/mips64-elf/lib//libstdc++.a(del_op.o)
 .mdebug.abiO64
                0x0000000000000000        0x0 /usr/local/mips64-elf/lib//libstdc++.a(eh_call.o)
 .mdebug.abiO64
                0x0000000000000000        0x0 /usr/local/mips64-elf/lib//libstdc++.a(eh_catch.o)
 .mdebug.abiO64
                0x0000000000000000        0x0 /usr/local/mips64-elf/lib//libstdc++.a(eh_globals.o)
 .mdebug.abiO64
                0x0000000000000000        0x0 /usr/local/mips64-elf/lib//libstdc++.a(eh_term_handler.o)
 .mdebug.abiO64
                0x0000000000000000        0x0 /usr/local/mips64-elf/lib//libstdc++.a(eh_type.o)
 .mdebug.abiO64
                0x0000000000000000        0x0 /usr/local/mips64-elf/lib//libstdc++.a(new_handler.o)
 .mdebug.abiO64
                0x0000000000000000        0x0 /usr/local/mips64-elf/lib//libstdc++.a(pbase_type_info.o)
 .mdebug.abiO64
                0x0000000000000000        0x0 /usr/local/mips64-elf/lib//libstdc++.a(pmem_type_info.o)
 .mdebug.abiO64
                0x0000000000000000        0x0 /usr/local/mips64-elf/lib//libstdc++.a(stdexcept.o)
 .mdebug.abiO64
                0x0000000000000000        0x0 /usr/local/mips64-elf/lib//libstdc++.a(cow-stdexcept.o)
 .mdebug.abiO64
                0x0000000000000000        0x0 /usr/local/mips64-elf/lib//libstdc++.a(cow-string-inst.o)
 .mdebug.abiO64
                0x0000000000000000        0x0 /usr/local/mips64-elf/lib//libstdc++.a(random.o)
 .mdebug.abiO64
                0x0000000000000000        0x0 /usr/local/mips64-elf/lib//libstdc++.a(sso_string.o)
 .mdebug.abiO64
                0x0000000000000000        0x0 /usr/local/mips64-elf/lib//libstdc++.a(string-inst.o)
 .mdebug.abiO64
                0x0000000000000000        0x0 /usr/local/mips64-elf/lib//libc.a(lib_a-abort.o)
 .mdebug.abiO64
                0x0000000000000000        0x0 /usr/local/mips64-elf/lib//libc.a(lib_a-exit.o)
 .mdebug.abiO64
                0x0000000000000000        0x0 /usr/local/mips64-elf/lib//libc.a(lib_a-fputc.o)
 .mdebug.abiO64
                0x0000000000000000        0x0 /usr/local/mips64-elf/lib//libc.a(lib_a-fputs.o)
 .mdebug.abiO64
                0x0000000000000000        0x0 /usr/local/mips64-elf/lib//libc.a(lib_a-fvwrite.o)
 .mdebug.abiO64
                0x0000000000000000        0x0 /usr/local/mips64-elf/lib//libc.a(lib_a-fwrite.o)
 .mdebug.abiO64
                0x0000000000000000        0x0 /usr/local/mips64-elf/lib//libc.a(lib_a-impure.o)
 .mdebug.abiO64
                0x0000000000000000        0x0 /usr/local/mips64-elf/lib//libc.a(lib_a-malloc.o)
 .mdebug.abiO64
                0x0000000000000000        0x0 /usr/local/mips64-elf/lib//libc.a(lib_a-mallocr.o)
 .mdebug.abiO64
                0x0000000000000000        0x0 /usr/local/mips64-elf/lib//libc.a(lib_a-memchr.o)
 .mdebug.abiO64
                0x0000000000000000        0x0 /usr/local/mips64-elf/lib//libc.a(lib_a-memcmp.o)
 .mdebug.abiO64
                0x0000000000000000        0x0 /usr/local/mips64-elf/lib//libc.a(lib_a-memmove.o)
 .mdebug.abiO64
                0x0000000000000000        0x0 /usr/local/mips64-elf/lib//libc.a(lib_a-mlock.o)
 .mdebug.abiO64
                0x0000000000000000        0x0 /usr/local/mips64-elf/lib//libc.a(lib_a-putc.o)
 .mdebug.abiO64
                0x0000000000000000        0x0 /usr/local/mips64-elf/lib//libc.a(lib_a-realloc.o)
 .mdebug.abiO64
                0x0000000000000000        0x0 /usr/local/mips64-elf/lib//libc.a(lib_a-reallocr.o)
 .mdebug.abiO64
                0x0000000000000000        0x0 /usr/local/mips64-elf/lib//libc.a(lib_a-sbrkr.o)
 .mdebug.abiO64
                0x0000000000000000        0x0 /usr/local/mips64-elf/lib//libc.a(lib_a-signal.o)
 .mdebug.abiO64
                0x0000000000000000        0x0 /usr/local/mips64-elf/lib//libc.a(lib_a-signalr.o)
 .mdebug.abiO64
                0x0000000000000000        0x0 /usr/local/mips64-elf/lib//libc.a(lib_a-snprintf.o)
 .mdebug.abiO64
                0x0000000000000000        0x0 /usr/local/mips64-elf/lib//libc.a(lib_a-sprintf.o)
 .mdebug.abiO64
                0x0000000000000000        0x0 /usr/local/mips64-elf/lib//libc.a(lib_a-strlen.o)
 .mdebug.abiO64
                0x0000000000000000        0x0 /usr/local/mips64-elf/lib//libc.a(lib_a-strncmp.o)
 .mdebug.abiO64
                0x0000000000000000        0x0 /usr/local/mips64-elf/lib//libc.a(lib_a-svfprintf.o)
 .mdebug.abiO64
                0x0000000000000000        0x0 /usr/local/mips64-elf/lib//libc.a(lib_a-vsnprintf.o)
 .mdebug.abiO64
                0x0000000000000000        0x0 /usr/local/mips64-elf/lib//libc.a(lib_a-wbuf.o)
 .mdebug.abiO64
                0x0000000000000000        0x0 /usr/local/mips64-elf/lib//libc.a(lib_a-wsetup.o)
 .mdebug.abiO64
                0x0000000000000000        0x0 /usr/local/mips64-elf/lib//libc.a(lib_a-__call_atexit.o)
 .mdebug.abiO64
                0x0000000000000000        0x0 /usr/local/mips64-elf/lib//libc.a(lib_a-ctype_.o)
 .mdebug.abiO64
                0x0000000000000000        0x0 /usr/local/mips64-elf/lib//libc.a(lib_a-dtoa.o)
 .mdebug.abiO64
                0x0000000000000000        0x0 /usr/local/mips64-elf/lib//libc.a(lib_a-fflush.o)
 .mdebug.abiO64
                0x0000000000000000        0x0 /usr/local/mips64-elf/lib//libc.a(lib_a-findfp.o)
 .mdebug.abiO64
                0x0000000000000000        0x0 /usr/local/mips64-elf/lib//libc.a(lib_a-freer.o)
 .mdebug.abiO64
                0x0000000000000000        0x0 /usr/local/mips64-elf/lib//libc.a(lib_a-fwalk.o)
 .mdebug.abiO64
                0x0000000000000000        0x0 /usr/local/mips64-elf/lib//libc.a(lib_a-localeconv.o)
 .mdebug.abiO64
                0x0000000000000000        0x0 /usr/local/mips64-elf/lib//libc.a(lib_a-locale.o)
 .mdebug.abiO64
                0x0000000000000000        0x0 /usr/local/mips64-elf/lib//libc.a(lib_a-makebuf.o)
 .mdebug.abiO64
                0x0000000000000000        0x0 /usr/local/mips64-elf/lib//libc.a(lib_a-mbtowc_r.o)
 .mdebug.abiO64
                0x0000000000000000        0x0 /usr/local/mips64-elf/lib//libc.a(lib_a-mprec.o)
 .mdebug.abiO64
                0x0000000000000000        0x0 /usr/local/mips64-elf/lib//libc.a(lib_a-reent.o)
 .mdebug.abiO64
                0x0000000000000000        0x0 /usr/local/mips64-elf/lib//libc.a(lib_a-stdio.o)
 .mdebug.abiO64
                0x0000000000000000        0x0 /usr/local/mips64-elf/lib//libc.a(lib_a-svfiprintf.o)
 .mdebug.abiO64
                0x0000000000000000        0x0 /usr/local/mips64-elf/lib//libc.a(lib_a-wctomb_r.o)
 .mdebug.abiO64
                0x0000000000000000        0x0 /usr/local/mips64-elf/lib//libc.a(lib_a-writer.o)
 .mdebug.abiO64
                0x0000000000000000        0x0 /usr/local/mips64-elf/lib//libc.a(lib_a-callocr.o)
 .mdebug.abiO64
                0x0000000000000000        0x0 /usr/local/mips64-elf/lib//libc.a(lib_a-closer.o)
 .mdebug.abiO64
                0x0000000000000000        0x0 /usr/local/mips64-elf/lib//libc.a(lib_a-errno.o)
 .mdebug.abiO64
                0x0000000000000000        0x0 /usr/local/mips64-elf/lib//libc.a(lib_a-fclose.o)
 .mdebug.abiO64
                0x0000000000000000        0x0 /usr/local/mips64-elf/lib//libc.a(lib_a-fstatr.o)
 .mdebug.abiO64
                0x0000000000000000        0x0 /usr/local/mips64-elf/lib//libc.a(lib_a-isattyr.o)
 .mdebug.abiO64
                0x0000000000000000        0x0 /usr/local/mips64-elf/lib//libc.a(lib_a-lseekr.o)
 .mdebug.abiO64
                0x0000000000000000        0x0 /usr/local/mips64-elf/lib//libc.a(lib_a-readr.o)
 .mdebug.abiO64